Archive member included to satisfy reference by file (symbol)

/opt/Atollic_TrueSTUDIO_for_STM32_x86_64_9.1.0/ARMTools/bin/../lib/gcc/arm-atollic-eabi/6.3.1/../../../../arm-atollic-eabi/lib/armv6-m/libc_nano.a(lib_a-init.o)
                              Projects/SW4STM32/startup_stm32l073xx.o (__libc_init_array)
/opt/Atollic_TrueSTUDIO_for_STM32_x86_64_9.1.0/ARMTools/bin/../lib/gcc/arm-atollic-eabi/6.3.1/../../../../arm-atollic-eabi/lib/armv6-m/libc_nano.a(lib_a-memcpy-stub.o)
                              Projects/PingPong/main.o (memcpy)
/opt/Atollic_TrueSTUDIO_for_STM32_x86_64_9.1.0/ARMTools/bin/../lib/gcc/arm-atollic-eabi/6.3.1/../../../../arm-atollic-eabi/lib/armv6-m/libc_nano.a(lib_a-memset.o)
                              Drivers/BSP/Components/sx1272.o (memset)
/opt/Atollic_TrueSTUDIO_for_STM32_x86_64_9.1.0/ARMTools/bin/../lib/gcc/arm-atollic-eabi/6.3.1/../../../../arm-atollic-eabi/lib/armv6-m/libc_nano.a(lib_a-strncmp.o)
                              Projects/PingPong/main.o (strncmp)
/opt/Atollic_TrueSTUDIO_for_STM32_x86_64_9.1.0/ARMTools/bin/../lib/gcc/arm-atollic-eabi/6.3.1/../../../../arm-atollic-eabi/lib/armv6-m/libc_nano.a(lib_a-strrchr.o)
                              Middlewares/LoRaWAN/Utilities/trace.o (strrchr)
/opt/Atollic_TrueSTUDIO_for_STM32_x86_64_9.1.0/ARMTools/bin/../lib/gcc/arm-atollic-eabi/6.3.1/../../../../arm-atollic-eabi/lib/armv6-m/libc_nano.a(lib_a-vsnprintf.o)
                              Middlewares/LoRaWAN/Utilities/trace.o (vsnprintf)
/opt/Atollic_TrueSTUDIO_for_STM32_x86_64_9.1.0/ARMTools/bin/../lib/gcc/arm-atollic-eabi/6.3.1/../../../../arm-atollic-eabi/lib/armv6-m/libc_nano.a(lib_a-impure.o)
                              /opt/Atollic_TrueSTUDIO_for_STM32_x86_64_9.1.0/ARMTools/bin/../lib/gcc/arm-atollic-eabi/6.3.1/../../../../arm-atollic-eabi/lib/armv6-m/libc_nano.a(lib_a-vsnprintf.o) (_impure_ptr)
/opt/Atollic_TrueSTUDIO_for_STM32_x86_64_9.1.0/ARMTools/bin/../lib/gcc/arm-atollic-eabi/6.3.1/../../../../arm-atollic-eabi/lib/armv6-m/libc_nano.a(lib_a-nano-svfprintf.o)
                              /opt/Atollic_TrueSTUDIO_for_STM32_x86_64_9.1.0/ARMTools/bin/../lib/gcc/arm-atollic-eabi/6.3.1/../../../../arm-atollic-eabi/lib/armv6-m/libc_nano.a(lib_a-vsnprintf.o) (_svfprintf_r)
/opt/Atollic_TrueSTUDIO_for_STM32_x86_64_9.1.0/ARMTools/bin/../lib/gcc/arm-atollic-eabi/6.3.1/../../../../arm-atollic-eabi/lib/armv6-m/libc_nano.a(lib_a-nano-vfprintf_i.o)
                              /opt/Atollic_TrueSTUDIO_for_STM32_x86_64_9.1.0/ARMTools/bin/../lib/gcc/arm-atollic-eabi/6.3.1/../../../../arm-atollic-eabi/lib/armv6-m/libc_nano.a(lib_a-nano-svfprintf.o) (_printf_i)
/opt/Atollic_TrueSTUDIO_for_STM32_x86_64_9.1.0/ARMTools/bin/../lib/gcc/arm-atollic-eabi/6.3.1/../../../../arm-atollic-eabi/lib/armv6-m/libc_nano.a(lib_a-strchr.o)
                              /opt/Atollic_TrueSTUDIO_for_STM32_x86_64_9.1.0/ARMTools/bin/../lib/gcc/arm-atollic-eabi/6.3.1/../../../../arm-atollic-eabi/lib/armv6-m/libc_nano.a(lib_a-strrchr.o) (strchr)
/opt/Atollic_TrueSTUDIO_for_STM32_x86_64_9.1.0/ARMTools/bin/../lib/gcc/arm-atollic-eabi/6.3.1/../../../../arm-atollic-eabi/lib/armv6-m/libc_nano.a(lib_a-memchr-stub.o)
                              /opt/Atollic_TrueSTUDIO_for_STM32_x86_64_9.1.0/ARMTools/bin/../lib/gcc/arm-atollic-eabi/6.3.1/../../../../arm-atollic-eabi/lib/armv6-m/libc_nano.a(lib_a-nano-svfprintf.o) (memchr)
/opt/Atollic_TrueSTUDIO_for_STM32_x86_64_9.1.0/ARMTools/bin/../lib/gcc/arm-atollic-eabi/6.3.1/../../../../arm-atollic-eabi/lib/armv6-m/libc_nano.a(lib_a-memmove.o)
                              /opt/Atollic_TrueSTUDIO_for_STM32_x86_64_9.1.0/ARMTools/bin/../lib/gcc/arm-atollic-eabi/6.3.1/../../../../arm-atollic-eabi/lib/armv6-m/libc_nano.a(lib_a-nano-svfprintf.o) (memmove)
/opt/Atollic_TrueSTUDIO_for_STM32_x86_64_9.1.0/ARMTools/bin/../lib/gcc/arm-atollic-eabi/6.3.1/../../../../arm-atollic-eabi/lib/armv6-m/libc_nano.a(lib_a-nano-freer.o)
                              /opt/Atollic_TrueSTUDIO_for_STM32_x86_64_9.1.0/ARMTools/bin/../lib/gcc/arm-atollic-eabi/6.3.1/../../../../arm-atollic-eabi/lib/armv6-m/libc_nano.a(lib_a-nano-svfprintf.o) (_free_r)
/opt/Atollic_TrueSTUDIO_for_STM32_x86_64_9.1.0/ARMTools/bin/../lib/gcc/arm-atollic-eabi/6.3.1/../../../../arm-atollic-eabi/lib/armv6-m/libc_nano.a(lib_a-nano-mallocr.o)
                              /opt/Atollic_TrueSTUDIO_for_STM32_x86_64_9.1.0/ARMTools/bin/../lib/gcc/arm-atollic-eabi/6.3.1/../../../../arm-atollic-eabi/lib/armv6-m/libc_nano.a(lib_a-nano-svfprintf.o) (_malloc_r)
/opt/Atollic_TrueSTUDIO_for_STM32_x86_64_9.1.0/ARMTools/bin/../lib/gcc/arm-atollic-eabi/6.3.1/../../../../arm-atollic-eabi/lib/armv6-m/libc_nano.a(lib_a-nano-reallocr.o)
                              /opt/Atollic_TrueSTUDIO_for_STM32_x86_64_9.1.0/ARMTools/bin/../lib/gcc/arm-atollic-eabi/6.3.1/../../../../arm-atollic-eabi/lib/armv6-m/libc_nano.a(lib_a-nano-svfprintf.o) (_realloc_r)
[...]
Memory Configuration

Name             Origin             Length             Attributes
RAM              0x0000000020000000 0x0000000000005000 xrw
FLASH            0x0000000008000000 0x0000000000030000 xr
*default*        0x0000000000000000 0xffffffffffffffff

Linker script and memory map

LOAD /opt/Atollic_TrueSTUDIO_for_STM32_x86_64_9.1.0/ARMTools/bin/../lib/gcc/arm-atollic-eabi/6.3.1/armv6-m/crti.o
LOAD /opt/Atollic_TrueSTUDIO_for_STM32_x86_64_9.1.0/ARMTools/bin/../lib/gcc/arm-atollic-eabi/6.3.1/armv6-m/crtbegin.o
LOAD Drivers/BSP/Components/sx1272.o
LOAD Drivers/BSP/STM32L0xx_Nucleo/stm32l0xx_nucleo.o
LOAD Drivers/BSP/sx1272mb2das/sx1272mb2das.o
LOAD Drivers/CMSIS/system_stm32l0xx.o
LOAD Drivers/STM32L0xx_HAL_Driver/stm32l0xx_hal.o
LOAD Drivers/STM32L0xx_HAL_Driver/stm32l0xx_hal_adc.o
LOAD Drivers/STM32L0xx_HAL_Driver/stm32l0xx_hal_adc_ex.o
LOAD Drivers/STM32L0xx_HAL_Driver/stm32l0xx_hal_cortex.o
LOAD Drivers/STM32L0xx_HAL_Driver/stm32l0xx_hal_dma.o
LOAD Drivers/STM32L0xx_HAL_Driver/stm32l0xx_hal_gpio.o
LOAD Drivers/STM32L0xx_HAL_Driver/stm32l0xx_hal_i2c.o
LOAD Drivers/STM32L0xx_HAL_Driver/stm32l0xx_hal_pwr.o
LOAD Drivers/STM32L0xx_HAL_Driver/stm32l0xx_hal_pwr_ex.o
LOAD Drivers/STM32L0xx_HAL_Driver/stm32l0xx_hal_rcc.o
LOAD Drivers/STM32L0xx_HAL_Driver/stm32l0xx_hal_rcc_ex.o
LOAD Drivers/STM32L0xx_HAL_Driver/stm32l0xx_hal_rtc.o
LOAD Drivers/STM32L0xx_HAL_Driver/stm32l0xx_hal_rtc_ex.o
LOAD Drivers/STM32L0xx_HAL_Driver/stm32l0xx_hal_spi.o
LOAD Drivers/STM32L0xx_HAL_Driver/stm32l0xx_hal_tim.o
LOAD Drivers/STM32L0xx_HAL_Driver/stm32l0xx_hal_tim_ex.o
LOAD Drivers/STM32L0xx_HAL_Driver/stm32l0xx_hal_uart.o
LOAD Drivers/STM32L0xx_HAL_Driver/stm32l0xx_hal_uart_ex.o
LOAD Middlewares/LoRaWAN/Utilities/low_power_manager.o
LOAD Middlewares/LoRaWAN/Utilities/queue.o
LOAD Middlewares/LoRaWAN/Utilities/timeServer.o
LOAD Middlewares/LoRaWAN/Utilities/trace.o
LOAD Middlewares/LoRaWAN/Utilities/utilities.o
LOAD Projects/PingPong/debug.o
LOAD Projects/PingPong/hw_gpio.o
LOAD Projects/PingPong/hw_rtc.o
LOAD Projects/PingPong/hw_spi.o
LOAD Projects/PingPong/main.o
LOAD Projects/PingPong/stm32l0xx_hal_msp.o
LOAD Projects/PingPong/stm32l0xx_hw.o
LOAD Projects/PingPong/stm32l0xx_it.o
LOAD Projects/PingPong/vcom.o
LOAD Projects/SW4STM32/startup_stm32l073xx.o
                0x0000000000000080                malloc_getpagesize_P = 0x80
START GROUP
LOAD /opt/Atollic_TrueSTUDIO_for_STM32_x86_64_9.1.0/ARMTools/bin/../lib/gcc/arm-atollic-eabi/6.3.1/../../../../arm-atollic-eabi/lib/armv6-m/libc_nano.a
LOAD /opt/Atollic_TrueSTUDIO_for_STM32_x86_64_9.1.0/ARMTools/bin/../lib/gcc/arm-atollic-eabi/6.3.1/../../../../arm-atollic-eabi/lib/armv6-m/libm.a
END GROUP
START GROUP
LOAD /opt/Atollic_TrueSTUDIO_for_STM32_x86_64_9.1.0/ARMTools/bin/../lib/gcc/arm-atollic-eabi/6.3.1/armv6-m/libgcc.a
LOAD /opt/Atollic_TrueSTUDIO_for_STM32_x86_64_9.1.0/ARMTools/bin/../lib/gcc/arm-atollic-eabi/6.3.1/../../../../arm-atollic-eabi/lib/armv6-m/libc_nano.a
END GROUP
START GROUP
LOAD /opt/Atollic_TrueSTUDIO_for_STM32_x86_64_9.1.0/ARMTools/bin/../lib/gcc/arm-atollic-eabi/6.3.1/armv6-m/libgcc.a
LOAD /opt/Atollic_TrueSTUDIO_for_STM32_x86_64_9.1.0/ARMTools/bin/../lib/gcc/arm-atollic-eabi/6.3.1/../../../../arm-atollic-eabi/lib/armv6-m/libc_nano.a
LOAD /opt/Atollic_TrueSTUDIO_for_STM32_x86_64_9.1.0/ARMTools/bin/../lib/gcc/arm-atollic-eabi/6.3.1/../../../../arm-atollic-eabi/lib/armv6-m/libnosys.a
END GROUP
START GROUP
LOAD /opt/Atollic_TrueSTUDIO_for_STM32_x86_64_9.1.0/ARMTools/bin/../lib/gcc/arm-atollic-eabi/6.3.1/armv6-m/libgcc.a
LOAD /opt/Atollic_TrueSTUDIO_for_STM32_x86_64_9.1.0/ARMTools/bin/../lib/gcc/arm-atollic-eabi/6.3.1/../../../../arm-atollic-eabi/lib/armv6-m/libc_nano.a
LOAD /opt/Atollic_TrueSTUDIO_for_STM32_x86_64_9.1.0/ARMTools/bin/../lib/gcc/arm-atollic-eabi/6.3.1/../../../../arm-atollic-eabi/lib/armv6-m/libnosys.a
END GROUP
LOAD /opt/Atollic_TrueSTUDIO_for_STM32_x86_64_9.1.0/ARMTools/bin/../lib/gcc/arm-atollic-eabi/6.3.1/armv6-m/crtend.o
LOAD /opt/Atollic_TrueSTUDIO_for_STM32_x86_64_9.1.0/ARMTools/bin/../lib/gcc/arm-atollic-eabi/6.3.1/armv6-m/crtn.o
                0x0000000020005000                _estack = 0x20005000
                0x0000000000000200                _Min_Heap_Size = 0x200
                0x0000000000000400                _Min_Stack_Size = 0x400

.isr_vector     0x0000000008000000       0xc0
                0x0000000008000000                . = ALIGN (0x4)
 *(.isr_vector)
 .isr_vector    0x0000000008000000       0xc0 Projects/SW4STM32/startup_stm32l073xx.o
                0x0000000008000000                g_pfnVectors
                0x00000000080000c0                . = ALIGN (0x4)

.text           0x00000000080000c0     0x7ce8
                0x00000000080000c0                . = ALIGN (0x4)
 *(.text)
 .text          0x00000000080000c0       0x48 /opt/Atollic_TrueSTUDIO_for_STM32_x86_64_9.1.0/ARMTools/bin/../lib/gcc/arm-atollic-eabi/6.3.1/armv6-m/crtbegin.o
 .text          0x0000000008000108       0x14 /opt/Atollic_TrueSTUDIO_for_STM32_x86_64_9.1.0/ARMTools/bin/../lib/gcc/arm-atollic-eabi/6.3.1/armv6-m/libgcc.a(_thumb1_case_uqi.o)
                0x0000000008000108                __gnu_thumb1_case_uqi
 .text          0x000000000800011c      0x114 /opt/Atollic_TrueSTUDIO_for_STM32_x86_64_9.1.0/ARMTools/bin/../lib/gcc/arm-atollic-eabi/6.3.1/armv6-m/libgcc.a(_udivsi3.o)
                0x000000000800011c                __udivsi3
                0x000000000800011c                __aeabi_uidiv
                0x0000000008000228                __aeabi_uidivmod
 .text          0x0000000008000230      0x1d4 /opt/Atollic_TrueSTUDIO_for_STM32_x86_64_9.1.0/ARMTools/bin/../lib/gcc/arm-atollic-eabi/6.3.1/armv6-m/libgcc.a(_divsi3.o)
                0x0000000008000230                __aeabi_idiv
                0x0000000008000230                __divsi3
                0x00000000080003fc                __aeabi_idivmod
 .text          0x0000000008000404        0x4 /opt/Atollic_TrueSTUDIO_for_STM32_x86_64_9.1.0/ARMTools/bin/../lib/gcc/arm-atollic-eabi/6.3.1/armv6-m/libgcc.a(_dvmd_tls.o)
                0x0000000008000404                __aeabi_ldiv0
                0x0000000008000404                __aeabi_idiv0
 .text          0x0000000008000408       0x7c /opt/Atollic_TrueSTUDIO_for_STM32_x86_64_9.1.0/ARMTools/bin/../lib/gcc/arm-atollic-eabi/6.3.1/armv6-m/libgcc.a(_arm_cmpdf2.o)
                0x0000000008000408                __aeabi_cdrcmple
                0x0000000008000418                __aeabi_cdcmple
                0x0000000008000418                __aeabi_cdcmpeq
                0x0000000008000428                __aeabi_dcmpeq
                0x0000000008000434                __aeabi_dcmplt
                0x0000000008000448                __aeabi_dcmple
                0x000000000800045c                __aeabi_dcmpgt
                0x0000000008000470                __aeabi_dcmpge
 .text          0x0000000008000484       0x40 /opt/Atollic_TrueSTUDIO_for_STM32_x86_64_9.1.0/ARMTools/bin/../lib/gcc/arm-atollic-eabi/6.3.1/armv6-m/libgcc.a(_aeabi_uldivmod.o)
                0x0000000008000484                __aeabi_uldivmod
 .text          0x00000000080004c4       0x3c /opt/Atollic_TrueSTUDIO_for_STM32_x86_64_9.1.0/ARMTools/bin/../lib/gcc/arm-atollic-eabi/6.3.1/armv6-m/libgcc.a(_fixunsdfsi.o)
                0x00000000080004c4                __fixunsdfsi
                0x00000000080004c4                __aeabi_d2uiz
 .text          0x0000000008000500      0x180 /opt/Atollic_TrueSTUDIO_for_STM32_x86_64_9.1.0/ARMTools/bin/../lib/gcc/arm-atollic-eabi/6.3.1/armv6-m/libgcc.a(_udivmoddi4.o)
                0x0000000008000500                __udivmoddi4
 .text          0x0000000008000680      0x620 /opt/Atollic_TrueSTUDIO_for_STM32_x86_64_9.1.0/ARMTools/bin/../lib/gcc/arm-atollic-eabi/6.3.1/armv6-m/libgcc.a(adddf3.o)
                0x0000000008000680                __aeabi_dadd
 .text          0x0000000008000ca0      0x668 /opt/Atollic_TrueSTUDIO_for_STM32_x86_64_9.1.0/ARMTools/bin/../lib/gcc/arm-atollic-eabi/6.3.1/armv6-m/libgcc.a(divdf3.o)
                0x0000000008000ca0                __aeabi_ddiv
 .text          0x0000000008001308       0x74 /opt/Atollic_TrueSTUDIO_for_STM32_x86_64_9.1.0/ARMTools/bin/../lib/gcc/arm-atollic-eabi/6.3.1/armv6-m/libgcc.a(eqdf2.o)
                0x0000000008001308                __eqdf2
                0x0000000008001308                __nedf2
 .text          0x000000000800137c       0xc8 /opt/Atollic_TrueSTUDIO_for_STM32_x86_64_9.1.0/ARMTools/bin/../lib/gcc/arm-atollic-eabi/6.3.1/armv6-m/libgcc.a(gedf2.o)
                0x000000000800137c                __gtdf2
                0x000000000800137c                __gedf2
 .text          0x0000000008001444       0xc4 /opt/Atollic_TrueSTUDIO_for_STM32_x86_64_9.1.0/ARMTools/bin/../lib/gcc/arm-atollic-eabi/6.3.1/armv6-m/libgcc.a(ledf2.o)
                0x0000000008001444                __ltdf2
                0x0000000008001444                __ledf2
 .text          0x0000000008001508      0x500 /opt/Atollic_TrueSTUDIO_for_STM32_x86_64_9.1.0/ARMTools/bin/../lib/gcc/arm-atollic-eabi/6.3.1/armv6-m/libgcc.a(muldf3.o)
                0x0000000008001508                __aeabi_dmul
 .text          0x0000000008001a08      0x62c /opt/Atollic_TrueSTUDIO_for_STM32_x86_64_9.1.0/ARMTools/bin/../lib/gcc/arm-atollic-eabi/6.3.1/armv6-m/libgcc.a(subdf3.o)
                0x0000000008001a08                __aeabi_dsub
 .text          0x0000000008002034       0x68 /opt/Atollic_TrueSTUDIO_for_STM32_x86_64_9.1.0/ARMTools/bin/../lib/gcc/arm-atollic-eabi/6.3.1/armv6-m/libgcc.a(fixdfsi.o)
                0x0000000008002034                __aeabi_d2iz
 .text          0x000000000800209c       0x84 /opt/Atollic_TrueSTUDIO_for_STM32_x86_64_9.1.0/ARMTools/bin/../lib/gcc/arm-atollic-eabi/6.3.1/armv6-m/libgcc.a(floatsidf.o)
                0x000000000800209c                __aeabi_i2d
 .text          0x0000000008002120       0x70 /opt/Atollic_TrueSTUDIO_for_STM32_x86_64_9.1.0/ARMTools/bin/../lib/gcc/arm-atollic-eabi/6.3.1/armv6-m/libgcc.a(floatunsidf.o)
                0x0000000008002120                __aeabi_ui2d
 .text          0x0000000008002190       0x3c /opt/Atollic_TrueSTUDIO_for_STM32_x86_64_9.1.0/ARMTools/bin/../lib/gcc/arm-atollic-eabi/6.3.1/armv6-m/libgcc.a(_clzsi2.o)
                0x0000000008002190                __clzsi2
 .text          0x00000000080021cc       0x18 /opt/Atollic_TrueSTUDIO_for_STM32_x86_64_9.1.0/ARMTools/bin/../lib/gcc/arm-atollic-eabi/6.3.1/armv6-m/libgcc.a(_clzdi2.o)
                0x00000000080021cc                __clzdi2
 *(.text*)
 .text.GetFskBandwidthRegValue
                0x00000000080021e4       0x28 Drivers/BSP/Components/sx1272.o
 .text.SX1272OnDio4Irq
                0x000000000800220c       0x1c Drivers/BSP/Components/sx1272.o
                0x000000000800220c                SX1272OnDio4Irq
 .text.SX1272BoardInit
                0x0000000008002228        0xc Drivers/BSP/Components/sx1272.o
                0x0000000008002228                SX1272BoardInit
 .text.SX1272GetStatus
                0x0000000008002234        0xc Drivers/BSP/Components/sx1272.o
                0x0000000008002234                SX1272GetStatus
 .text.SX1272Reset
                0x0000000008002240       0x4c Drivers/BSP/Components/sx1272.o
                0x0000000008002240                SX1272Reset
 .text.SX1272WriteBuffer
                0x000000000800228c       0x3c Drivers/BSP/Components/sx1272.o
                0x000000000800228c                SX1272WriteBuffer
 .text.SX1272Write
                0x00000000080022c8       0x12 Drivers/BSP/Components/sx1272.o
                0x00000000080022c8                SX1272Write
 *fill*         0x00000000080022da        0x2 
 .text.SX1272SetChannel
                0x00000000080022dc       0x54 Drivers/BSP/Components/sx1272.o
                0x00000000080022dc                SX1272SetChannel
 .text.SX1272ReadBuffer
                0x0000000008002330       0x3c Drivers/BSP/Components/sx1272.o
                0x0000000008002330                SX1272ReadBuffer
 .text.SX1272Read
                0x000000000800236c       0x12 Drivers/BSP/Components/sx1272.o
                0x000000000800236c                SX1272Read
 *fill*         0x000000000800237e        0x2 
 .text.SX1272GetTimeOnAir
                0x0000000008002380      0x1f8 Drivers/BSP/Components/sx1272.o
                0x0000000008002380                SX1272GetTimeOnAir
 .text.SX1272ReadRssi
                0x0000000008002578       0x2a Drivers/BSP/Components/sx1272.o
                0x0000000008002578                SX1272ReadRssi
 *fill*         0x00000000080025a2        0x2 
 .text.SX1272SetOpMode
                0x00000000080025a4       0x38 Drivers/BSP/Components/sx1272.o
                0x00000000080025a4                SX1272SetOpMode
 .text.SX1272SetSleep
                0x00000000080025dc       0x28 Drivers/BSP/Components/sx1272.o
                0x00000000080025dc                SX1272SetSleep
 .text.SX1272SetStby
                0x0000000008002604       0x28 Drivers/BSP/Components/sx1272.o
                0x0000000008002604                SX1272SetStby
 .text.SX1272SetRx
                0x000000000800262c      0x154 Drivers/BSP/Components/sx1272.o
                0x000000000800262c                SX1272SetRx
 .text.SX1272SetTx
                0x0000000008002780       0xa0 Drivers/BSP/Components/sx1272.o
                0x0000000008002780                SX1272SetTx
 .text.SX1272StartCad
                0x0000000008002820       0x34 Drivers/BSP/Components/sx1272.o
                0x0000000008002820                SX1272StartCad
 .text.SX1272SetModem
                0x0000000008002854       0x74 Drivers/BSP/Components/sx1272.o
                0x0000000008002854                SX1272SetModem
 .text.SX1272Init
                0x00000000080028c8       0x94 Drivers/BSP/Components/sx1272.o
                0x00000000080028c8                SX1272Init
 .text.SX1272IsChannelFree
                0x000000000800295c       0x48 Drivers/BSP/Components/sx1272.o
                0x000000000800295c                SX1272IsChannelFree
 .text.SX1272Random
                0x00000000080029a4       0x3c Drivers/BSP/Components/sx1272.o
                0x00000000080029a4                SX1272Random
 .text.SX1272SetRxConfig
                0x00000000080029e0      0x2f4 Drivers/BSP/Components/sx1272.o
                0x00000000080029e0                SX1272SetRxConfig
 .text.SX1272SetTxConfig
                0x0000000008002cd4      0x264 Drivers/BSP/Components/sx1272.o
                0x0000000008002cd4                SX1272SetTxConfig
 .text.SX1272SetTxContinuousWave
                0x0000000008002f38       0x80 Drivers/BSP/Components/sx1272.o
                0x0000000008002f38                SX1272SetTxContinuousWave
 .text.SX1272OnDio2Irq
                0x0000000008002fb8       0xc0 Drivers/BSP/Components/sx1272.o
                0x0000000008002fb8                SX1272OnDio2Irq
 .text.SX1272OnDio3Irq
                0x0000000008003078       0x54 Drivers/BSP/Components/sx1272.o
                0x0000000008003078                SX1272OnDio3Irq
 .text.SX1272WriteFifo
                0x00000000080030cc        0xe Drivers/BSP/Components/sx1272.o
                0x00000000080030cc                SX1272WriteFifo
 *fill*         0x00000000080030da        0x2 
 .text.SX1272Send
                0x00000000080030dc       0xfc Drivers/BSP/Components/sx1272.o
                0x00000000080030dc                SX1272Send
 .text.SX1272ReadFifo
                0x00000000080031d8        0xe Drivers/BSP/Components/sx1272.o
                0x00000000080031d8                SX1272ReadFifo
 *fill*         0x00000000080031e6        0x2 
 .text.SX1272OnDio0Irq
                0x00000000080031e8      0x248 Drivers/BSP/Components/sx1272.o
                0x00000000080031e8                SX1272OnDio0Irq
 .text.SX1272OnDio1Irq
                0x0000000008003430       0xe0 Drivers/BSP/Components/sx1272.o
                0x0000000008003430                SX1272OnDio1Irq
 .text.SX1272SetMaxPayloadLength
                0x0000000008003510       0x34 Drivers/BSP/Components/sx1272.o
                0x0000000008003510                SX1272SetMaxPayloadLength
 .text.SX1272SetPublicNetwork
                0x0000000008003544       0x24 Drivers/BSP/Components/sx1272.o
                0x0000000008003544                SX1272SetPublicNetwork
 .text.SX1272OnTimeoutIrq
                0x0000000008003568       0xcc Drivers/BSP/Components/sx1272.o
                0x0000000008003568                SX1272OnTimeoutIrq
 .text.SX1272GetWakeupTime
                0x0000000008003634       0x14 Drivers/BSP/Components/sx1272.o
                0x0000000008003634                SX1272GetWakeupTime
 .text.SX1272GetWakeTime
                0x0000000008003648        0x4 Drivers/BSP/sx1272mb2das/sx1272mb2das.o
                0x0000000008003648                SX1272GetWakeTime
 .text.SX1272SetXO
                0x000000000800364c        0x2 Drivers/BSP/sx1272mb2das/sx1272mb2das.o
                0x000000000800364c                SX1272SetXO
 .text.SX1272SetAntSwLowPower
                0x000000000800364e        0x2 Drivers/BSP/sx1272mb2das/sx1272mb2das.o
                0x000000000800364e                SX1272SetAntSwLowPower
 .text.SX1272SetAntSw
                0x0000000008003650       0x14 Drivers/BSP/sx1272mb2das/sx1272mb2das.o
                0x0000000008003650                SX1272SetAntSw
 .text.SX1272CheckRfFrequency
                0x0000000008003664        0x4 Drivers/BSP/sx1272mb2das/sx1272mb2das.o
                0x0000000008003664                SX1272CheckRfFrequency
 .text.SX1272SetRfTxPower
                0x0000000008003668       0x44 Drivers/BSP/sx1272mb2das/sx1272mb2das.o
                0x0000000008003668                SX1272SetRfTxPower
 .text.SX1272IoInit
                0x00000000080036ac       0x60 Drivers/BSP/sx1272mb2das/sx1272mb2das.o
                0x00000000080036ac                SX1272IoInit
 .text.SX1272IoDeInit
                0x000000000800370c       0x50 Drivers/BSP/sx1272mb2das/sx1272mb2das.o
                0x000000000800370c                SX1272IoDeInit
 .text.SX1272IoIrqInit
                0x000000000800375c       0x40 Drivers/BSP/sx1272mb2das/sx1272mb2das.o
                0x000000000800375c                SX1272IoIrqInit
 .text.SystemInit
                0x000000000800379c       0x5c Drivers/CMSIS/system_stm32l0xx.o
                0x000000000800379c                SystemInit
 .text.HAL_Init
                0x00000000080037f8       0x20 Drivers/STM32L0xx_HAL_Driver/stm32l0xx_hal.o
                0x00000000080037f8                HAL_Init
 .text.HAL_IncTick
                0x0000000008003818       0x10 Drivers/STM32L0xx_HAL_Driver/stm32l0xx_hal.o
                0x0000000008003818                HAL_IncTick
 .text.HAL_GetTick
                0x0000000008003828        0xc Drivers/STM32L0xx_HAL_Driver/stm32l0xx_hal.o
                0x0000000008003828                HAL_GetTick
 .text.HAL_ADC_MspInit
                0x0000000008003834        0x2 Drivers/STM32L0xx_HAL_Driver/stm32l0xx_hal_adc.o
                0x0000000008003834                HAL_ADC_MspInit
 *fill*         0x0000000008003836        0x2 
 .text.HAL_ADC_Init
                0x0000000008003838      0x1a8 Drivers/STM32L0xx_HAL_Driver/stm32l0xx_hal_adc.o
                0x0000000008003838                HAL_ADC_Init
 .text.HAL_NVIC_SetPriority
                0x00000000080039e0       0x60 Drivers/STM32L0xx_HAL_Driver/stm32l0xx_hal_cortex.o
                0x00000000080039e0                HAL_NVIC_SetPriority
 .text.HAL_NVIC_EnableIRQ
                0x0000000008003a40       0x18 Drivers/STM32L0xx_HAL_Driver/stm32l0xx_hal_cortex.o
                0x0000000008003a40                HAL_NVIC_EnableIRQ
 .text.HAL_DMA_Init
                0x0000000008003a58      0x12c Drivers/STM32L0xx_HAL_Driver/stm32l0xx_hal_dma.o
                0x0000000008003a58                HAL_DMA_Init
 .text.HAL_DMA_Start_IT
                0x0000000008003b84       0x56 Drivers/STM32L0xx_HAL_Driver/stm32l0xx_hal_dma.o
                0x0000000008003b84                HAL_DMA_Start_IT
 *fill*         0x0000000008003bda        0x2 
 .text.HAL_DMA_Abort_IT
                0x0000000008003bdc       0xa0 Drivers/STM32L0xx_HAL_Driver/stm32l0xx_hal_dma.o
                0x0000000008003bdc                HAL_DMA_Abort_IT
 .text.HAL_DMA_IRQHandler
                0x0000000008003c7c      0x190 Drivers/STM32L0xx_HAL_Driver/stm32l0xx_hal_dma.o
                0x0000000008003c7c                HAL_DMA_IRQHandler
 .text.HAL_GPIO_Init
                0x0000000008003e0c      0x178 Drivers/STM32L0xx_HAL_Driver/stm32l0xx_hal_gpio.o
                0x0000000008003e0c                HAL_GPIO_Init
 .text.HAL_GPIO_WritePin
                0x0000000008003f84        0xc Drivers/STM32L0xx_HAL_Driver/stm32l0xx_hal_gpio.o
                0x0000000008003f84                HAL_GPIO_WritePin
 .text.HAL_GPIO_EXTI_IRQHandler
                0x0000000008003f90       0x18 Drivers/STM32L0xx_HAL_Driver/stm32l0xx_hal_gpio.o
                0x0000000008003f90                HAL_GPIO_EXTI_IRQHandler
 .text.HAL_PWR_DisablePVD
                0x0000000008003fa8       0x10 Drivers/STM32L0xx_HAL_Driver/stm32l0xx_hal_pwr.o
                0x0000000008003fa8                HAL_PWR_DisablePVD
 .text.HAL_PWR_EnterSLEEPMode
                0x0000000008003fb8       0x30 Drivers/STM32L0xx_HAL_Driver/stm32l0xx_hal_pwr.o
                0x0000000008003fb8                HAL_PWR_EnterSLEEPMode
 .text.HAL_PWR_EnterSTOPMode
                0x0000000008003fe8       0x38 Drivers/STM32L0xx_HAL_Driver/stm32l0xx_hal_pwr.o
                0x0000000008003fe8                HAL_PWR_EnterSTOPMode
 .text.HAL_PWREx_EnableFastWakeUp
                0x0000000008004020       0x14 Drivers/STM32L0xx_HAL_Driver/stm32l0xx_hal_pwr_ex.o
                0x0000000008004020                HAL_PWREx_EnableFastWakeUp
 .text.HAL_PWREx_EnableUltraLowPower
                0x0000000008004034       0x14 Drivers/STM32L0xx_HAL_Driver/stm32l0xx_hal_pwr_ex.o
                0x0000000008004034                HAL_PWREx_EnableUltraLowPower
 .text.RCC_SetFlashLatencyFromMSIRange
                0x0000000008004048       0x74 Drivers/STM32L0xx_HAL_Driver/stm32l0xx_hal_rcc.o
 .text.HAL_RCC_OscConfig
                0x00000000080040bc      0x4e8 Drivers/STM32L0xx_HAL_Driver/stm32l0xx_hal_rcc.o
                0x00000000080040bc                HAL_RCC_OscConfig
 .text.HAL_RCC_GetSysClockFreq
                0x00000000080045a4       0x78 Drivers/STM32L0xx_HAL_Driver/stm32l0xx_hal_rcc.o
                0x00000000080045a4                HAL_RCC_GetSysClockFreq
 .text.HAL_RCC_ClockConfig
                0x000000000800461c      0x170 Drivers/STM32L0xx_HAL_Driver/stm32l0xx_hal_rcc.o
                0x000000000800461c                HAL_RCC_ClockConfig
 .text.HAL_RCC_GetPCLK1Freq
                0x000000000800478c       0x20 Drivers/STM32L0xx_HAL_Driver/stm32l0xx_hal_rcc.o
                0x000000000800478c                HAL_RCC_GetPCLK1Freq
 .text.HAL_RCC_GetPCLK2Freq
                0x00000000080047ac       0x20 Drivers/STM32L0xx_HAL_Driver/stm32l0xx_hal_rcc.o
                0x00000000080047ac                HAL_RCC_GetPCLK2Freq
 .text.HAL_RCCEx_PeriphCLKConfig
                0x00000000080047cc      0x1d4 Drivers/STM32L0xx_HAL_Driver/stm32l0xx_hal_rcc_ex.o
                0x00000000080047cc                HAL_RCCEx_PeriphCLKConfig
 .text.HAL_RCCEx_GetPeriphCLKFreq
                0x00000000080049a0      0x1fc Drivers/STM32L0xx_HAL_Driver/stm32l0xx_hal_rcc_ex.o
                0x00000000080049a0                HAL_RCCEx_GetPeriphCLKFreq
 .text.HAL_RTC_DeactivateAlarm
                0x0000000008004b9c       0xc0 Drivers/STM32L0xx_HAL_Driver/stm32l0xx_hal_rtc.o
                0x0000000008004b9c                HAL_RTC_DeactivateAlarm
 .text.HAL_RTC_WaitForSynchro
                0x0000000008004c5c       0x34 Drivers/STM32L0xx_HAL_Driver/stm32l0xx_hal_rtc.o
                0x0000000008004c5c                HAL_RTC_WaitForSynchro
 .text.RTC_EnterInitMode
                0x0000000008004c90       0x38 Drivers/STM32L0xx_HAL_Driver/stm32l0xx_hal_rtc.o
                0x0000000008004c90                RTC_EnterInitMode
 .text.HAL_RTC_Init
                0x0000000008004cc8       0x94 Drivers/STM32L0xx_HAL_Driver/stm32l0xx_hal_rtc.o
                0x0000000008004cc8                HAL_RTC_Init
 .text.RTC_ByteToBcd2
                0x0000000008004d5c       0x16 Drivers/STM32L0xx_HAL_Driver/stm32l0xx_hal_rtc.o
                0x0000000008004d5c                RTC_ByteToBcd2
 *fill*         0x0000000008004d72        0x2 
 .text.HAL_RTC_SetTime
                0x0000000008004d74       0xfc Drivers/STM32L0xx_HAL_Driver/stm32l0xx_hal_rtc.o
                0x0000000008004d74                HAL_RTC_SetTime
 .text.HAL_RTC_SetDate
                0x0000000008004e70       0xd8 Drivers/STM32L0xx_HAL_Driver/stm32l0xx_hal_rtc.o
                0x0000000008004e70                HAL_RTC_SetDate
 .text.HAL_RTC_SetAlarm_IT
                0x0000000008004f48      0x194 Drivers/STM32L0xx_HAL_Driver/stm32l0xx_hal_rtc.o
                0x0000000008004f48                HAL_RTC_SetAlarm_IT
 .text.RTC_Bcd2ToByte
                0x00000000080050dc       0x10 Drivers/STM32L0xx_HAL_Driver/stm32l0xx_hal_rtc.o
                0x00000000080050dc                RTC_Bcd2ToByte
 .text.HAL_RTC_GetTime
                0x00000000080050ec       0x54 Drivers/STM32L0xx_HAL_Driver/stm32l0xx_hal_rtc.o
                0x00000000080050ec                HAL_RTC_GetTime
 .text.HAL_RTC_GetDate
                0x0000000008005140       0x44 Drivers/STM32L0xx_HAL_Driver/stm32l0xx_hal_rtc.o
                0x0000000008005140                HAL_RTC_GetDate
 .text.HAL_RTCEx_EnableBypassShadow
                0x0000000008005184       0x32 Drivers/STM32L0xx_HAL_Driver/stm32l0xx_hal_rtc_ex.o
                0x0000000008005184                HAL_RTCEx_EnableBypassShadow
 *fill*         0x00000000080051b6        0x2 
 .text.SPI_WaitOnFlagUntilTimeout
                0x00000000080051b8       0x94 Drivers/STM32L0xx_HAL_Driver/stm32l0xx_hal_spi.o
 .text.HAL_SPI_MspInit
                0x000000000800524c        0x2 Drivers/STM32L0xx_HAL_Driver/stm32l0xx_hal_spi.o
                0x000000000800524c                HAL_SPI_MspInit
 *fill*         0x000000000800524e        0x2 
 .text.HAL_SPI_Init
                0x0000000008005250       0x80 Drivers/STM32L0xx_HAL_Driver/stm32l0xx_hal_spi.o
                0x0000000008005250                HAL_SPI_Init
 .text.HAL_SPI_TransmitReceive
                0x00000000080052d0      0x2f0 Drivers/STM32L0xx_HAL_Driver/stm32l0xx_hal_spi.o
                0x00000000080052d0                HAL_SPI_TransmitReceive
 .text.UART_EndRxTransfer
                0x00000000080055c0       0x20 Drivers/STM32L0xx_HAL_Driver/stm32l0xx_hal_uart.o
 .text.HAL_UART_Transmit_DMA
                0x00000000080055e0       0x8c Drivers/STM32L0xx_HAL_Driver/stm32l0xx_hal_uart.o
                0x00000000080055e0                HAL_UART_Transmit_DMA
 .text.UART_DMATransmitCplt
                0x000000000800566c       0x30 Drivers/STM32L0xx_HAL_Driver/stm32l0xx_hal_uart.o
 .text.HAL_UART_TxHalfCpltCallback
                0x000000000800569c        0x2 Drivers/STM32L0xx_HAL_Driver/stm32l0xx_hal_uart.o
                0x000000000800569c                HAL_UART_TxHalfCpltCallback
 .text.UART_DMATxHalfCplt
                0x000000000800569e        0xa Drivers/STM32L0xx_HAL_Driver/stm32l0xx_hal_uart.o
 .text.HAL_UART_RxCpltCallback
                0x00000000080056a8        0x2 Drivers/STM32L0xx_HAL_Driver/stm32l0xx_hal_uart.o
                0x00000000080056a8                HAL_UART_RxCpltCallback
 *fill*         0x00000000080056aa        0x2 
 .text.UART_Receive_IT
                0x00000000080056ac       0x7c Drivers/STM32L0xx_HAL_Driver/stm32l0xx_hal_uart.o
 .text.HAL_UART_ErrorCallback
                0x0000000008005728        0x2 Drivers/STM32L0xx_HAL_Driver/stm32l0xx_hal_uart.o
                0x0000000008005728                HAL_UART_ErrorCallback
 .text.UART_DMAError
                0x000000000800572a       0x5a Drivers/STM32L0xx_HAL_Driver/stm32l0xx_hal_uart.o
 .text.HAL_UART_IRQHandler
                0x0000000008005784      0x198 Drivers/STM32L0xx_HAL_Driver/stm32l0xx_hal_uart.o
                0x0000000008005784                HAL_UART_IRQHandler
 .text.UART_DMAAbortOnError
                0x000000000800591c       0x16 Drivers/STM32L0xx_HAL_Driver/stm32l0xx_hal_uart.o
 *fill*         0x0000000008005932        0x2 
 .text.UART_SetConfig
                0x0000000008005934      0x260 Drivers/STM32L0xx_HAL_Driver/stm32l0xx_hal_uart.o
                0x0000000008005934                UART_SetConfig
 .text.UART_AdvFeatureConfig
                0x0000000008005b94       0xd0 Drivers/STM32L0xx_HAL_Driver/stm32l0xx_hal_uart.o
                0x0000000008005b94                UART_AdvFeatureConfig
 .text.UART_WaitOnFlagUntilTimeout
                0x0000000008005c64       0x64 Drivers/STM32L0xx_HAL_Driver/stm32l0xx_hal_uart.o
                0x0000000008005c64                UART_WaitOnFlagUntilTimeout
 .text.UART_CheckIdleState
                0x0000000008005cc8       0x64 Drivers/STM32L0xx_HAL_Driver/stm32l0xx_hal_uart.o
                0x0000000008005cc8                UART_CheckIdleState
 .text.HAL_UART_Init
                0x0000000008005d2c       0x6c Drivers/STM32L0xx_HAL_Driver/stm32l0xx_hal_uart.o
                0x0000000008005d2c                HAL_UART_Init
 .text.HAL_UARTEx_WakeupCallback
                0x0000000008005d98        0x2 Drivers/STM32L0xx_HAL_Driver/stm32l0xx_hal_uart_ex.o
                0x0000000008005d98                HAL_UARTEx_WakeupCallback
 *fill*         0x0000000008005d9a        0x2 
 .text.LPM_SetOffMode
                0x0000000008005d9c       0x2c Middlewares/LoRaWAN/Utilities/low_power_manager.o
                0x0000000008005d9c                LPM_SetOffMode
 .text.LPM_SetStopMode
                0x0000000008005dc8       0x2c Middlewares/LoRaWAN/Utilities/low_power_manager.o
                0x0000000008005dc8                LPM_SetStopMode
 .text.LPM_GetMode
                0x0000000008005df4       0x24 Middlewares/LoRaWAN/Utilities/low_power_manager.o
                0x0000000008005df4                LPM_GetMode
 .text.LPM_ExitSleepMode
                0x0000000008005e18        0x2 Middlewares/LoRaWAN/Utilities/low_power_manager.o
                0x0000000008005e18                LPM_ExitSleepMode
 .text.LPM_EnterOffMode
                0x0000000008005e1a        0x2 Middlewares/LoRaWAN/Utilities/low_power_manager.o
                0x0000000008005e1a                LPM_EnterOffMode
 .text.LPM_ExitOffMode
                0x0000000008005e1c        0x2 Middlewares/LoRaWAN/Utilities/low_power_manager.o
                0x0000000008005e1c                LPM_ExitOffMode
 *fill*         0x0000000008005e1e        0x2 
 .text.LPM_EnterLowPower
                0x0000000008005e20       0x34 Middlewares/LoRaWAN/Utilities/low_power_manager.o
                0x0000000008005e20                LPM_EnterLowPower
 .text.add_elementSize_and_inc_writeIdx
                0x0000000008005e54       0x32 Middlewares/LoRaWAN/Utilities/queue.o
 .text.circular_queue_init
                0x0000000008005e86       0x10 Middlewares/LoRaWAN/Utilities/queue.o
                0x0000000008005e86                circular_queue_init
 .text.circular_queue_add
                0x0000000008005e96       0xea Middlewares/LoRaWAN/Utilities/queue.o
                0x0000000008005e96                circular_queue_add
 .text.circular_queue_get
                0x0000000008005f80       0x3a Middlewares/LoRaWAN/Utilities/queue.o
                0x0000000008005f80                circular_queue_get
 .text.circular_queue_remove
                0x0000000008005fba       0x56 Middlewares/LoRaWAN/Utilities/queue.o
                0x0000000008005fba                circular_queue_remove
 .text.circular_queue_sense
                0x0000000008006010        0xa Middlewares/LoRaWAN/Utilities/queue.o
                0x0000000008006010                circular_queue_sense
 .text.TimerSetTimeout
                0x000000000800601a       0x2a Middlewares/LoRaWAN/Utilities/timeServer.o
 .text.TimerInsertNewHeadTimer
                0x0000000008006044       0x1c Middlewares/LoRaWAN/Utilities/timeServer.o
 .text.TimerInit
                0x0000000008006060       0x12 Middlewares/LoRaWAN/Utilities/timeServer.o
                0x0000000008006060                TimerInit
 *fill*         0x0000000008006072        0x2 
 .text.TimerStart
                0x0000000008006074       0x74 Middlewares/LoRaWAN/Utilities/timeServer.o
                0x0000000008006074                TimerStart
 .text.TimerIrqHandler
                0x00000000080060e8       0x84 Middlewares/LoRaWAN/Utilities/timeServer.o
                0x00000000080060e8                TimerIrqHandler
 .text.TimerStop
                0x000000000800616c       0x58 Middlewares/LoRaWAN/Utilities/timeServer.o
                0x000000000800616c                TimerStop
 .text.TimerSetValue
                0x00000000080061c4       0x22 Middlewares/LoRaWAN/Utilities/timeServer.o
                0x00000000080061c4                TimerSetValue
 .text.TimerGetCurrentTime
                0x00000000080061e6        0xc Middlewares/LoRaWAN/Utilities/timeServer.o
                0x00000000080061e6                TimerGetCurrentTime
 .text.TimerGetElapsedTime
                0x00000000080061f2       0x18 Middlewares/LoRaWAN/Utilities/timeServer.o
                0x00000000080061f2                TimerGetElapsedTime
 *fill*         0x000000000800620a        0x2 
 .text.Trace_TxCpltCallback
                0x000000000800620c       0x54 Middlewares/LoRaWAN/Utilities/trace.o
 .text.TraceInit
                0x0000000008006260       0x20 Middlewares/LoRaWAN/Utilities/trace.o
                0x0000000008006260                TraceInit
 .text.TraceSend
                0x0000000008006280       0x78 Middlewares/LoRaWAN/Utilities/trace.o
                0x0000000008006280                TraceSend
 .text.memcpy1  0x00000000080062f8       0x12 Middlewares/LoRaWAN/Utilities/utilities.o
                0x00000000080062f8                memcpy1
 *fill*         0x000000000800630a        0x2 
 .text.Error_Handler
                0x000000000800630c       0x10 Projects/PingPong/debug.o
                0x000000000800630c                Error_Handler
 .text.HW_GPIO_GetBitPos
                0x000000000800631c       0x3c Projects/PingPong/hw_gpio.o
 .text.HW_GPIO_Init
                0x0000000008006358       0x98 Projects/PingPong/hw_gpio.o
                0x0000000008006358                HW_GPIO_Init
 .text.HW_GPIO_SetIrq
                0x00000000080063f0       0x34 Projects/PingPong/hw_gpio.o
                0x00000000080063f0                HW_GPIO_SetIrq
 .text.HW_GPIO_IrqHandler
                0x0000000008006424       0x1c Projects/PingPong/hw_gpio.o
                0x0000000008006424                HW_GPIO_IrqHandler
 .text.HW_GPIO_Write
                0x0000000008006440        0xa Projects/PingPong/hw_gpio.o
                0x0000000008006440                HW_GPIO_Write
 *fill*         0x000000000800644a        0x2 
 .text.HW_RTC_GetCalendarValue
                0x000000000800644c       0xa8 Projects/PingPong/hw_rtc.o
 .text.HW_RTC_GetMinimumTimeout
                0x00000000080064f4        0x4 Projects/PingPong/hw_rtc.o
                0x00000000080064f4                HW_RTC_GetMinimumTimeout
 .text.HW_RTC_ms2Tick
                0x00000000080064f8       0x10 Projects/PingPong/hw_rtc.o
                0x00000000080064f8                HW_RTC_ms2Tick
 .text.HW_RTC_Tick2ms
                0x0000000008006508       0x14 Projects/PingPong/hw_rtc.o
                0x0000000008006508                HW_RTC_Tick2ms
 .text.HW_RTC_GetTimerElapsedTime
                0x000000000800651c       0x18 Projects/PingPong/hw_rtc.o
                0x000000000800651c                HW_RTC_GetTimerElapsedTime
 .text.HW_RTC_GetTimerValue
                0x0000000008006534        0xe Projects/PingPong/hw_rtc.o
                0x0000000008006534                HW_RTC_GetTimerValue
 *fill*         0x0000000008006542        0x2 
 .text.HW_RTC_StopAlarm
                0x0000000008006544       0x30 Projects/PingPong/hw_rtc.o
                0x0000000008006544                HW_RTC_StopAlarm
 .text.HW_RTC_SetAlarm
                0x0000000008006574      0x154 Projects/PingPong/hw_rtc.o
                0x0000000008006574                HW_RTC_SetAlarm
 .text.HW_RTC_IrqHandler
                0x00000000080066c8       0x40 Projects/PingPong/hw_rtc.o
                0x00000000080066c8                HW_RTC_IrqHandler
 .text.HW_RTC_DelayMs
                0x0000000008006708       0x26 Projects/PingPong/hw_rtc.o
                0x0000000008006708                HW_RTC_DelayMs
 *fill*         0x000000000800672e        0x2 
 .text.HW_RTC_SetTimerContext
                0x0000000008006730       0x18 Projects/PingPong/hw_rtc.o
                0x0000000008006730                HW_RTC_SetTimerContext
 .text.HW_RTC_Init
                0x0000000008006748       0x80 Projects/PingPong/hw_rtc.o
                0x0000000008006748                HW_RTC_Init
 .text.HW_RTC_GetTimerContext
                0x00000000080067c8        0xc Projects/PingPong/hw_rtc.o
                0x00000000080067c8                HW_RTC_GetTimerContext
 .text.HW_SPI_IoInit
                0x00000000080067d4       0x60 Projects/PingPong/hw_spi.o
                0x00000000080067d4                HW_SPI_IoInit
 .text.HW_SPI_Init
                0x0000000008006834       0x80 Projects/PingPong/hw_spi.o
                0x0000000008006834                HW_SPI_Init
 .text.HW_SPI_IoDeInit
                0x00000000080068b4       0x7c Projects/PingPong/hw_spi.o
                0x00000000080068b4                HW_SPI_IoDeInit
 .text.HW_SPI_InOut
                0x0000000008006930       0x28 Projects/PingPong/hw_spi.o
                0x0000000008006930                HW_SPI_InOut
 .text.OnledEvent
                0x0000000008006958       0x10 Projects/PingPong/main.o
 .text.OnTxDone
                0x0000000008006968       0x24 Projects/PingPong/main.o
                0x0000000008006968                OnTxDone
 .text.OnTxTimeout
                0x000000000800698c       0x24 Projects/PingPong/main.o
                0x000000000800698c                OnTxTimeout
 .text.OnRxTimeout
                0x00000000080069b0       0x24 Projects/PingPong/main.o
                0x00000000080069b0                OnRxTimeout
 .text.OnRxError
                0x00000000080069d4       0x24 Projects/PingPong/main.o
                0x00000000080069d4                OnRxError
 .text.OnRxDone
                0x00000000080069f8       0x54 Projects/PingPong/main.o
                0x00000000080069f8                OnRxDone
 .text.startup.main
                0x0000000008006a4c      0x244 Projects/PingPong/main.o
                0x0000000008006a4c                main
 .text.HAL_InitTick
                0x0000000008006c90        0x4 Projects/PingPong/stm32l0xx_hal_msp.o
                0x0000000008006c90                HAL_InitTick
 .text.HAL_Delay
                0x0000000008006c94        0xc Projects/PingPong/stm32l0xx_hal_msp.o
                0x0000000008006c94                HAL_Delay
 .text.HAL_MspInit
                0x0000000008006ca0       0x30 Projects/PingPong/stm32l0xx_hal_msp.o
                0x0000000008006ca0                HAL_MspInit
 .text.HAL_RTC_MspInit
                0x0000000008006cd0       0x5c Projects/PingPong/stm32l0xx_hal_msp.o
                0x0000000008006cd0                HAL_RTC_MspInit
 .text.HAL_RTC_AlarmAEventCallback
                0x0000000008006d2c        0x8 Projects/PingPong/stm32l0xx_hal_msp.o
                0x0000000008006d2c                HAL_RTC_AlarmAEventCallback
 .text.HAL_GPIO_EXTI_Callback
                0x0000000008006d34        0x8 Projects/PingPong/stm32l0xx_hal_msp.o
                0x0000000008006d34                HAL_GPIO_EXTI_Callback
 .text.MSP_GetIRQn
                0x0000000008006d3c       0x20 Projects/PingPong/stm32l0xx_hal_msp.o
                0x0000000008006d3c                MSP_GetIRQn
 .text.SystemClock_Config
                0x0000000008006d5c       0x94 Projects/PingPong/stm32l0xx_hw.o
                0x0000000008006d5c                SystemClock_Config
 .text.HW_AdcInit
                0x0000000008006df0       0x58 Projects/PingPong/stm32l0xx_hw.o
                0x0000000008006df0                HW_AdcInit
 .text.HW_Init  0x0000000008006e48       0x30 Projects/PingPong/stm32l0xx_hw.o
                0x0000000008006e48                HW_Init
 .text.LPM_EnterStopMode
                0x0000000008006e78       0x38 Projects/PingPong/stm32l0xx_hw.o
                0x0000000008006e78                LPM_EnterStopMode
 .text.LPM_ExitStopMode
                0x0000000008006eb0       0x60 Projects/PingPong/stm32l0xx_hw.o
                0x0000000008006eb0                LPM_ExitStopMode
 .text.LPM_EnterSleepMode
                0x0000000008006f10        0xc Projects/PingPong/stm32l0xx_hw.o
                0x0000000008006f10                LPM_EnterSleepMode
 .text.NMI_Handler
                0x0000000008006f1c        0x2 Projects/PingPong/stm32l0xx_it.o
                0x0000000008006f1c                NMI_Handler
 .text.HardFault_Handler
                0x0000000008006f1e        0x4 Projects/PingPong/stm32l0xx_it.o
                0x0000000008006f1e                HardFault_Handler
 .text.SVC_Handler
                0x0000000008006f22        0x2 Projects/PingPong/stm32l0xx_it.o
                0x0000000008006f22                SVC_Handler
 .text.PendSV_Handler
                0x0000000008006f24        0x2 Projects/PingPong/stm32l0xx_it.o
                0x0000000008006f24                PendSV_Handler
 .text.SysTick_Handler
                0x0000000008006f26        0x8 Projects/PingPong/stm32l0xx_it.o
                0x0000000008006f26                SysTick_Handler
 .text.USART2_IRQHandler
                0x0000000008006f2e        0x8 Projects/PingPong/stm32l0xx_it.o
                0x0000000008006f2e                USART2_IRQHandler
 .text.DMA1_Channel4_5_6_7_IRQHandler
                0x0000000008006f36        0x8 Projects/PingPong/stm32l0xx_it.o
                0x0000000008006f36                DMA1_Channel4_5_6_7_IRQHandler
 .text.RTC_IRQHandler
                0x0000000008006f3e        0x8 Projects/PingPong/stm32l0xx_it.o
                0x0000000008006f3e                RTC_IRQHandler
 .text.EXTI0_1_IRQHandler
                0x0000000008006f46       0x10 Projects/PingPong/stm32l0xx_it.o
                0x0000000008006f46                EXTI0_1_IRQHandler
 .text.EXTI2_3_IRQHandler
                0x0000000008006f56       0x10 Projects/PingPong/stm32l0xx_it.o
                0x0000000008006f56                EXTI2_3_IRQHandler
 .text.EXTI4_15_IRQHandler
                0x0000000008006f66       0x5c Projects/PingPong/stm32l0xx_it.o
                0x0000000008006f66                EXTI4_15_IRQHandler
 *fill*         0x0000000008006fc2        0x2 
 .text.vcom_Init
                0x0000000008006fc4       0x38 Projects/PingPong/vcom.o
                0x0000000008006fc4                vcom_Init
 .text.vcom_Trace
                0x0000000008006ffc       0x14 Projects/PingPong/vcom.o
                0x0000000008006ffc                vcom_Trace
 .text.HAL_UART_TxCpltCallback
                0x0000000008007010       0x10 Projects/PingPong/vcom.o
                0x0000000008007010                HAL_UART_TxCpltCallback
 .text.vcom_DMA_TX_IRQHandler
                0x0000000008007020       0x10 Projects/PingPong/vcom.o
                0x0000000008007020                vcom_DMA_TX_IRQHandler
 .text.vcom_IRQHandler
                0x0000000008007030       0x10 Projects/PingPong/vcom.o
                0x0000000008007030                vcom_IRQHandler
 .text.vcom_IoInit
                0x0000000008007040       0x60 Projects/PingPong/vcom.o
                0x0000000008007040                vcom_IoInit
 .text.HAL_UART_MspInit
                0x00000000080070a0       0xb8 Projects/PingPong/vcom.o
                0x00000000080070a0                HAL_UART_MspInit
 .text.vcom_IoDeInit
                0x0000000008007158       0x48 Projects/PingPong/vcom.o
                0x0000000008007158                vcom_IoDeInit
 .text.Reset_Handler
                0x00000000080071a0       0x50 Projects/SW4STM32/startup_stm32l073xx.o
                0x00000000080071a0                Reset_Handler
 .text.Default_Handler
                0x00000000080071f0        0x2 Projects/SW4STM32/startup_stm32l073xx.o
                0x00000000080071f0                TSC_IRQHandler
                0x00000000080071f0                ADC1_COMP_IRQHandler
                0x00000000080071f0                PVD_IRQHandler
                0x00000000080071f0                I2C1_IRQHandler
                0x00000000080071f0                RCC_CRS_IRQHandler
                0x00000000080071f0                SPI1_IRQHandler
                0x00000000080071f0                TIM6_DAC_IRQHandler
                0x00000000080071f0                I2C2_IRQHandler
                0x00000000080071f0                LCD_IRQHandler
                0x00000000080071f0                TIM3_IRQHandler
                0x00000000080071f0                DMA1_Channel1_IRQHandler
                0x00000000080071f0                USART4_5_IRQHandler
                0x00000000080071f0                Default_Handler
                0x00000000080071f0                TIM22_IRQHandler
                0x00000000080071f0                TIM7_IRQHandler
                0x00000000080071f0                USB_IRQHandler
                0x00000000080071f0                I2C3_IRQHandler
                0x00000000080071f0                SPI2_IRQHandler
                0x00000000080071f0                TIM21_IRQHandler
                0x00000000080071f0                WWDG_IRQHandler
                0x00000000080071f0                TIM2_IRQHandler
                0x00000000080071f0                DMA1_Channel2_3_IRQHandler
                0x00000000080071f0                FLASH_IRQHandler
                0x00000000080071f0                USART1_IRQHandler
                0x00000000080071f0                RNG_LPUART1_IRQHandler
                0x00000000080071f0                LPTIM1_IRQHandler
 *fill*         0x00000000080071f2        0x2 
 .text.__libc_init_array
                0x00000000080071f4       0x48 /opt/Atollic_TrueSTUDIO_for_STM32_x86_64_9.1.0/ARMTools/bin/../lib/gcc/arm-atollic-eabi/6.3.1/../../../../arm-atollic-eabi/lib/armv6-m/libc_nano.a(lib_a-init.o)
                0x00000000080071f4                __libc_init_array
 .text.memcpy   0x000000000800723c       0x12 /opt/Atollic_TrueSTUDIO_for_STM32_x86_64_9.1.0/ARMTools/bin/../lib/gcc/arm-atollic-eabi/6.3.1/../../../../arm-atollic-eabi/lib/armv6-m/libc_nano.a(lib_a-memcpy-stub.o)
                0x000000000800723c                memcpy
 .text.memset   0x000000000800724e       0x10 /opt/Atollic_TrueSTUDIO_for_STM32_x86_64_9.1.0/ARMTools/bin/../lib/gcc/arm-atollic-eabi/6.3.1/../../../../arm-atollic-eabi/lib/armv6-m/libc_nano.a(lib_a-memset.o)
                0x000000000800724e                memset
 .text.strncmp  0x000000000800725e       0x22 /opt/Atollic_TrueSTUDIO_for_STM32_x86_64_9.1.0/ARMTools/bin/../lib/gcc/arm-atollic-eabi/6.3.1/../../../../arm-atollic-eabi/lib/armv6-m/libc_nano.a(lib_a-strncmp.o)
                0x000000000800725e                strncmp
 .text._vsnprintf_r
                0x0000000008007280       0x56 /opt/Atollic_TrueSTUDIO_for_STM32_x86_64_9.1.0/ARMTools/bin/../lib/gcc/arm-atollic-eabi/6.3.1/../../../../arm-atollic-eabi/lib/armv6-m/libc_nano.a(lib_a-vsnprintf.o)
                0x0000000008007280                _vsnprintf_r
                0x0000000008007280                _vsniprintf_r
 *fill*         0x00000000080072d6        0x2 
 .text.vsnprintf
                0x00000000080072d8       0x18 /opt/Atollic_TrueSTUDIO_for_STM32_x86_64_9.1.0/ARMTools/bin/../lib/gcc/arm-atollic-eabi/6.3.1/../../../../arm-atollic-eabi/lib/armv6-m/libc_nano.a(lib_a-vsnprintf.o)
                0x00000000080072d8                vsnprintf
                0x00000000080072d8                vsniprintf
 .text.__ssputs_r
                0x00000000080072f0       0xc4 /opt/Atollic_TrueSTUDIO_for_STM32_x86_64_9.1.0/ARMTools/bin/../lib/gcc/arm-atollic-eabi/6.3.1/../../../../arm-atollic-eabi/lib/armv6-m/libc_nano.a(lib_a-nano-svfprintf.o)
                0x00000000080072f0                __ssputs_r
 .text._svfprintf_r
                0x00000000080073b4      0x208 /opt/Atollic_TrueSTUDIO_for_STM32_x86_64_9.1.0/ARMTools/bin/../lib/gcc/arm-atollic-eabi/6.3.1/../../../../arm-atollic-eabi/lib/armv6-m/libc_nano.a(lib_a-nano-svfprintf.o)
                0x00000000080073b4                _svfprintf_r
                0x00000000080073b4                _svfiprintf_r
 .text._printf_common
                0x00000000080075bc       0xda /opt/Atollic_TrueSTUDIO_for_STM32_x86_64_9.1.0/ARMTools/bin/../lib/gcc/arm-atollic-eabi/6.3.1/../../../../arm-atollic-eabi/lib/armv6-m/libc_nano.a(lib_a-nano-vfprintf_i.o)
                0x00000000080075bc                _printf_common
 *fill*         0x0000000008007696        0x2 
 .text._printf_i
                0x0000000008007698      0x234 /opt/Atollic_TrueSTUDIO_for_STM32_x86_64_9.1.0/ARMTools/bin/../lib/gcc/arm-atollic-eabi/6.3.1/../../../../arm-atollic-eabi/lib/armv6-m/libc_nano.a(lib_a-nano-vfprintf_i.o)
                0x0000000008007698                _printf_i
 .text.memchr   0x00000000080078cc       0x16 /opt/Atollic_TrueSTUDIO_for_STM32_x86_64_9.1.0/ARMTools/bin/../lib/gcc/arm-atollic-eabi/6.3.1/../../../../arm-atollic-eabi/lib/armv6-m/libc_nano.a(lib_a-memchr-stub.o)
                0x00000000080078cc                memchr
 .text.memmove  0x00000000080078e2       0x24 /opt/Atollic_TrueSTUDIO_for_STM32_x86_64_9.1.0/ARMTools/bin/../lib/gcc/arm-atollic-eabi/6.3.1/../../../../arm-atollic-eabi/lib/armv6-m/libc_nano.a(lib_a-memmove.o)
                0x00000000080078e2                memmove
 *fill*         0x0000000008007906        0x2 
 .text._free_r  0x0000000008007908       0x94 /opt/Atollic_TrueSTUDIO_for_STM32_x86_64_9.1.0/ARMTools/bin/../lib/gcc/arm-atollic-eabi/6.3.1/../../../../arm-atollic-eabi/lib/armv6-m/libc_nano.a(lib_a-nano-freer.o)
                0x0000000008007908                _free_r
 .text._malloc_r
                0x000000000800799c       0xbc /opt/Atollic_TrueSTUDIO_for_STM32_x86_64_9.1.0/ARMTools/bin/../lib/gcc/arm-atollic-eabi/6.3.1/../../../../arm-atollic-eabi/lib/armv6-m/libc_nano.a(lib_a-nano-mallocr.o)
                0x000000000800799c                _malloc_r
 .text._realloc_r
                0x0000000008007a58       0x4c /opt/Atollic_TrueSTUDIO_for_STM32_x86_64_9.1.0/ARMTools/bin/../lib/gcc/arm-atollic-eabi/6.3.1/../../../../arm-atollic-eabi/lib/armv6-m/libc_nano.a(lib_a-nano-reallocr.o)
                0x0000000008007a58                _realloc_r
 .text._sbrk_r  0x0000000008007aa4       0x24 /opt/Atollic_TrueSTUDIO_for_STM32_x86_64_9.1.0/ARMTools/bin/../lib/gcc/arm-atollic-eabi/6.3.1/../../../../arm-atollic-eabi/lib/armv6-m/libc_nano.a(lib_a-sbrkr.o)
                0x0000000008007aa4                _sbrk_r
 .text.__malloc_lock
                0x0000000008007ac8        0x2 /opt/Atollic_TrueSTUDIO_for_STM32_x86_64_9.1.0/ARMTools/bin/../lib/gcc/arm-atollic-eabi/6.3.1/../../../../arm-atollic-eabi/lib/armv6-m/libc_nano.a(lib_a-mlock.o)
                0x0000000008007ac8                __malloc_lock
 .text.__malloc_unlock
                0x0000000008007aca        0x2 /opt/Atollic_TrueSTUDIO_for_STM32_x86_64_9.1.0/ARMTools/bin/../lib/gcc/arm-atollic-eabi/6.3.1/../../../../arm-atollic-eabi/lib/armv6-m/libc_nano.a(lib_a-mlock.o)
                0x0000000008007aca                __malloc_unlock
 .text._malloc_usable_size_r
                0x0000000008007acc       0x10 /opt/Atollic_TrueSTUDIO_for_STM32_x86_64_9.1.0/ARMTools/bin/../lib/gcc/arm-atollic-eabi/6.3.1/../../../../arm-atollic-eabi/lib/armv6-m/libc_nano.a(lib_a-nano-msizer.o)
                0x0000000008007acc                _malloc_usable_size_r
 .text.ceil     0x0000000008007adc      0x104 /opt/Atollic_TrueSTUDIO_for_STM32_x86_64_9.1.0/ARMTools/bin/../lib/gcc/arm-atollic-eabi/6.3.1/../../../../arm-atollic-eabi/lib/armv6-m/libm.a(lib_a-s_ceil.o)
                0x0000000008007adc                ceil
 .text.floor    0x0000000008007be0      0x104 /opt/Atollic_TrueSTUDIO_for_STM32_x86_64_9.1.0/ARMTools/bin/../lib/gcc/arm-atollic-eabi/6.3.1/../../../../arm-atollic-eabi/lib/armv6-m/libm.a(lib_a-s_floor.o)
                0x0000000008007be0                floor
 .text.round    0x0000000008007ce4       0x8c /opt/Atollic_TrueSTUDIO_for_STM32_x86_64_9.1.0/ARMTools/bin/../lib/gcc/arm-atollic-eabi/6.3.1/../../../../arm-atollic-eabi/lib/armv6-m/libm.a(lib_a-s_round.o)
                0x0000000008007ce4                round
 .text._sbrk    0x0000000008007d70       0x20 /opt/Atollic_TrueSTUDIO_for_STM32_x86_64_9.1.0/ARMTools/bin/../lib/gcc/arm-atollic-eabi/6.3.1/../../../../arm-atollic-eabi/lib/armv6-m/libnosys.a(sbrk.o)
                0x0000000008007d70                _sbrk
 *(.glue_7)
 .glue_7        0x0000000008007d90        0x0 linker stubs
 *(.glue_7t)
 .glue_7t       0x0000000008007d90        0x0 linker stubs
 *(.eh_frame)
 .eh_frame      0x0000000008007d90        0x0 /opt/Atollic_TrueSTUDIO_for_STM32_x86_64_9.1.0/ARMTools/bin/../lib/gcc/arm-atollic-eabi/6.3.1/armv6-m/crtbegin.o
 *(.init)
 .init          0x0000000008007d90        0x4 /opt/Atollic_TrueSTUDIO_for_STM32_x86_64_9.1.0/ARMTools/bin/../lib/gcc/arm-atollic-eabi/6.3.1/armv6-m/crti.o
                0x0000000008007d90                _init
 .init          0x0000000008007d94        0x8 /opt/Atollic_TrueSTUDIO_for_STM32_x86_64_9.1.0/ARMTools/bin/../lib/gcc/arm-atollic-eabi/6.3.1/armv6-m/crtn.o
 *(.fini)
 .fini          0x0000000008007d9c        0x4 /opt/Atollic_TrueSTUDIO_for_STM32_x86_64_9.1.0/ARMTools/bin/../lib/gcc/arm-atollic-eabi/6.3.1/armv6-m/crti.o
                0x0000000008007d9c                _fini
 .fini          0x0000000008007da0        0x8 /opt/Atollic_TrueSTUDIO_for_STM32_x86_64_9.1.0/ARMTools/bin/../lib/gcc/arm-atollic-eabi/6.3.1/armv6-m/crtn.o
                0x0000000008007da8                . = ALIGN (0x4)
                0x0000000008007da8                _etext = .

.vfp11_veneer   0x0000000008007da8        0x0
 .vfp11_veneer  0x0000000008007da8        0x0 linker stubs

.v4_bx          0x0000000008007da8        0x0
 .v4_bx         0x0000000008007da8        0x0 linker stubs

.iplt           0x0000000008007da8        0x0
 .iplt          0x0000000008007da8        0x0 /opt/Atollic_TrueSTUDIO_for_STM32_x86_64_9.1.0/ARMTools/bin/../lib/gcc/arm-atollic-eabi/6.3.1/armv6-m/crtbegin.o

.rodata         0x0000000008007da8      0x2fc
                0x0000000008007da8                . = ALIGN (0x4)
 *(.rodata)
 .rodata        0x0000000008007da8       0xfb Drivers/BSP/Components/sx1272.o
                0x0000000008007da8                FskBandwidths
                0x0000000008007e70                RadioRegsInit
 *fill*         0x0000000008007ea3        0x1 
 .rodata        0x0000000008007ea4       0x74 Drivers/BSP/sx1272mb2das/sx1272mb2das.o
                0x0000000008007ea4                Radio
 .rodata        0x0000000008007f18       0x21 Drivers/CMSIS/system_stm32l0xx.o
                0x0000000008007f18                PLLMulTable
                0x0000000008007f21                AHBPrescTable
                0x0000000008007f31                APBPrescTable
 .rodata        0x0000000008007f39       0x11 Drivers/STM32L0xx_HAL_Driver/stm32l0xx_hal_uart.o
 .rodata        0x0000000008007f4a       0x18 Projects/PingPong/hw_rtc.o
 .rodata        0x0000000008007f62        0xa Projects/PingPong/main.o
                0x0000000008007f62                PongMsg
                0x0000000008007f67                PingMsg
 .rodata        0x0000000008007f6c       0x40 /opt/Atollic_TrueSTUDIO_for_STM32_x86_64_9.1.0/ARMTools/bin/../lib/gcc/arm-atollic-eabi/6.3.1/armv6-m/libgcc.a(divdf3.o)
 .rodata        0x0000000008007fac       0x40 /opt/Atollic_TrueSTUDIO_for_STM32_x86_64_9.1.0/ARMTools/bin/../lib/gcc/arm-atollic-eabi/6.3.1/armv6-m/libgcc.a(muldf3.o)
 *(.rodata*)
 .rodata.cst1   0x0000000008007fec        0x1 Drivers/BSP/sx1272mb2das/sx1272mb2das.o
 .rodata.str1.1
                0x0000000008007fed       0x10 Projects/PingPong/debug.o
 .rodata.str1.1
                0x0000000008007ffd       0x72 Projects/PingPong/main.o
 .rodata._svfprintf_r.str1.1
                0x000000000800806f       0x11 /opt/Atollic_TrueSTUDIO_for_STM32_x86_64_9.1.0/ARMTools/bin/../lib/gcc/arm-atollic-eabi/6.3.1/../../../../arm-atollic-eabi/lib/armv6-m/libc_nano.a(lib_a-nano-svfprintf.o)
 .rodata._printf_i.str1.1
                0x0000000008008080       0x22 /opt/Atollic_TrueSTUDIO_for_STM32_x86_64_9.1.0/ARMTools/bin/../lib/gcc/arm-atollic-eabi/6.3.1/../../../../arm-atollic-eabi/lib/armv6-m/libc_nano.a(lib_a-nano-vfprintf_i.o)
                0x00000000080080a4                . = ALIGN (0x4)
 *fill*         0x00000000080080a2        0x2 

.ARM.extab
 *(.ARM.extab* .gnu.linkonce.armextab.*)

.ARM            0x00000000080080a4        0x8
                0x00000000080080a4                __exidx_start = .
 *(.ARM.exidx*)
 .ARM.exidx     0x00000000080080a4        0x8 /opt/Atollic_TrueSTUDIO_for_STM32_x86_64_9.1.0/ARMTools/bin/../lib/gcc/arm-atollic-eabi/6.3.1/armv6-m/libgcc.a(_udivmoddi4.o)
                0x00000000080080ac                __exidx_end = .

.rel.dyn        0x00000000080080ac        0x0
 .rel.iplt      0x00000000080080ac        0x0 /opt/Atollic_TrueSTUDIO_for_STM32_x86_64_9.1.0/ARMTools/bin/../lib/gcc/arm-atollic-eabi/6.3.1/armv6-m/crtbegin.o

.preinit_array  0x00000000080080ac        0x0
                0x00000000080080ac                PROVIDE (__preinit_array_start, .)
 *(.preinit_array*)
                0x00000000080080ac                PROVIDE (__preinit_array_end, .)

.init_array     0x00000000080080ac        0x4
                0x00000000080080ac                PROVIDE (__init_array_start, .)
 *(SORT(.init_array.*))
 *(.init_array*)
 .init_array    0x00000000080080ac        0x4 /opt/Atollic_TrueSTUDIO_for_STM32_x86_64_9.1.0/ARMTools/bin/../lib/gcc/arm-atollic-eabi/6.3.1/armv6-m/crtbegin.o
                0x00000000080080b0                PROVIDE (__init_array_end, .)

.fini_array     0x00000000080080b0        0x4
                [!provide]                        PROVIDE (__fini_array_start, .)
 *(SORT(.fini_array.*))
 *(.fini_array*)
 .fini_array    0x00000000080080b0        0x4 /opt/Atollic_TrueSTUDIO_for_STM32_x86_64_9.1.0/ARMTools/bin/../lib/gcc/arm-atollic-eabi/6.3.1/armv6-m/crtbegin.o
                [!provide]                        PROVIDE (__fini_array_end, .)
                0x00000000080080b4                _sidata = LOADADDR (.data)

.data           0x0000000020000000       0x9c load address 0x00000000080080b4
                0x0000000020000000                . = ALIGN (0x4)
                0x0000000020000000                _sdata = .
 *(.data)
 .data          0x0000000020000000       0x18 Drivers/BSP/Components/sx1272.o
                0x0000000020000000                DioIrq
 .data          0x0000000020000018       0x18 Drivers/BSP/sx1272mb2das/sx1272mb2das.o
 .data          0x0000000020000030        0x4 Drivers/CMSIS/system_stm32l0xx.o
                0x0000000020000030                SystemCoreClock
 .data          0x0000000020000034        0x1 Middlewares/LoRaWAN/Utilities/trace.o
                0x0000000020000034                TracePeripheralReady
 *fill*         0x0000000020000035        0x1 
 .data          0x0000000020000036        0x2 Projects/PingPong/main.o
                0x0000000020000036                BufferSize
 *(.data*)
 .data._impure_ptr
                0x0000000020000038        0x4 /opt/Atollic_TrueSTUDIO_for_STM32_x86_64_9.1.0/ARMTools/bin/../lib/gcc/arm-atollic-eabi/6.3.1/../../../../arm-atollic-eabi/lib/armv6-m/libc_nano.a(lib_a-impure.o)
                0x0000000020000038                _impure_ptr
 .data.impure_data
                0x000000002000003c       0x60 /opt/Atollic_TrueSTUDIO_for_STM32_x86_64_9.1.0/ARMTools/bin/../lib/gcc/arm-atollic-eabi/6.3.1/../../../../arm-atollic-eabi/lib/armv6-m/libc_nano.a(lib_a-impure.o)
                0x000000002000009c                . = ALIGN (0x4)
                0x000000002000009c                _edata = .

.igot.plt       0x000000002000009c        0x0 load address 0x0000000008008150
 .igot.plt      0x000000002000009c        0x0 /opt/Atollic_TrueSTUDIO_for_STM32_x86_64_9.1.0/ARMTools/bin/../lib/gcc/arm-atollic-eabi/6.3.1/armv6-m/crtbegin.o
                0x000000002000009c                . = ALIGN (0x4)

.bss            0x000000002000009c      0x5a0 load address 0x0000000008008150
                0x000000002000009c                _sbss = .
                0x000000002000009c                __bss_start__ = _sbss
 *(.bss)
 .bss           0x000000002000009c       0x1c /opt/Atollic_TrueSTUDIO_for_STM32_x86_64_9.1.0/ARMTools/bin/../lib/gcc/arm-atollic-eabi/6.3.1/armv6-m/crtbegin.o
 .bss           0x00000000200000b8      0x108 Drivers/BSP/Components/sx1272.o
 .bss           0x00000000200001c0        0x8 Middlewares/LoRaWAN/Utilities/low_power_manager.o
 .bss           0x00000000200001c8        0x4 Middlewares/LoRaWAN/Utilities/timeServer.o
 .bss           0x00000000200001cc      0x110 Middlewares/LoRaWAN/Utilities/trace.o
 .bss           0x00000000200002dc       0x40 Projects/PingPong/hw_gpio.o
 .bss           0x000000002000031c       0x71 Projects/PingPong/hw_rtc.o
 *fill*         0x000000002000038d        0x3 
 .bss           0x0000000020000390       0x58 Projects/PingPong/hw_spi.o
 .bss           0x00000000200003e8       0x38 Projects/PingPong/main.o
                0x0000000020000400                State
                0x0000000020000401                RssiValue
                0x0000000020000402                SnrValue
 .bss           0x0000000020000420       0x64 Projects/PingPong/stm32l0xx_hw.o
 .bss           0x0000000020000484       0xb4 Projects/PingPong/vcom.o
 *(.bss*)
 .bss.__malloc_free_list
                0x0000000020000538        0x4 /opt/Atollic_TrueSTUDIO_for_STM32_x86_64_9.1.0/ARMTools/bin/../lib/gcc/arm-atollic-eabi/6.3.1/../../../../arm-atollic-eabi/lib/armv6-m/libc_nano.a(lib_a-nano-mallocr.o)
                0x0000000020000538                __malloc_free_list
 .bss.__malloc_sbrk_start
                0x000000002000053c        0x4 /opt/Atollic_TrueSTUDIO_for_STM32_x86_64_9.1.0/ARMTools/bin/../lib/gcc/arm-atollic-eabi/6.3.1/../../../../arm-atollic-eabi/lib/armv6-m/libc_nano.a(lib_a-nano-mallocr.o)
                0x000000002000053c                __malloc_sbrk_start
 .bss.heap_end.4116
                0x0000000020000540        0x4 /opt/Atollic_TrueSTUDIO_for_STM32_x86_64_9.1.0/ARMTools/bin/../lib/gcc/arm-atollic-eabi/6.3.1/../../../../arm-atollic-eabi/lib/armv6-m/libnosys.a(sbrk.o)
 *(COMMON)
 COMMON         0x0000000020000544       0xb0 Drivers/BSP/Components/sx1272.o
                0x0000000020000544                SX1272
                0x00000000200005ac                TxTimeoutTimer
                0x00000000200005c4                RxTimeoutSyncWord
                0x00000000200005dc                RxTimeoutTimer
 COMMON         0x00000000200005f4        0x4 Drivers/STM32L0xx_HAL_Driver/stm32l0xx_hal.o
                0x00000000200005f4                uwTick
 COMMON         0x00000000200005f8       0x40 Projects/PingPong/main.o
                0x00000000200005f8                Buffer
 COMMON         0x0000000020000638        0x4 /opt/Atollic_TrueSTUDIO_for_STM32_x86_64_9.1.0/ARMTools/bin/../lib/gcc/arm-atollic-eabi/6.3.1/../../../../arm-atollic-eabi/lib/armv6-m/libc_nano.a(lib_a-reent.o)
                0x0000000020000638                errno
                0x000000002000063c                . = ALIGN (0x4)
                0x000000002000063c                _ebss = .
                0x000000002000063c                __bss_end__ = _ebss

._user_heap_stack
                0x000000002000063c      0x604 load address 0x0000000008008150
                0x0000000020000640                . = ALIGN (0x8)
 *fill*         0x000000002000063c        0x4 
                0x0000000020000640                PROVIDE (end, .)
                [!provide]                        PROVIDE (_end, .)
                0x0000000020000840                . = (. + _Min_Heap_Size)
 *fill*         0x0000000020000640      0x200 
                0x0000000020000c40                . = (. + _Min_Stack_Size)
 *fill*         0x0000000020000840      0x400 
                0x0000000020000c40                . = ALIGN (0x8)

/DISCARD/
 libc.a(*)
 libm.a(*)
 libgcc.a(*)

.ARM.attributes
                0x0000000000000000       0x28
 *(.ARM.attributes)
 .ARM.attributes
                0x0000000000000000       0x1e /opt/Atollic_TrueSTUDIO_for_STM32_x86_64_9.1.0/ARMTools/bin/../lib/gcc/arm-atollic-eabi/6.3.1/armv6-m/crti.o
 .ARM.attributes
                0x000000000000001e       0x2c /opt/Atollic_TrueSTUDIO_for_STM32_x86_64_9.1.0/ARMTools/bin/../lib/gcc/arm-atollic-eabi/6.3.1/armv6-m/crtbegin.o
 .ARM.attributes
                0x000000000000004a       0x32 Drivers/BSP/Components/sx1272.o
 .ARM.attributes
                0x000000000000007c       0x32 Drivers/BSP/sx1272mb2das/sx1272mb2das.o
 .ARM.attributes
                0x00000000000000ae       0x32 Drivers/CMSIS/system_stm32l0xx.o
 .ARM.attributes
                0x00000000000000e0       0x32 Drivers/STM32L0xx_HAL_Driver/stm32l0xx_hal.o
 .ARM.attributes
                0x0000000000000112       0x32 Drivers/STM32L0xx_HAL_Driver/stm32l0xx_hal_adc.o
 .ARM.attributes
                0x0000000000000144       0x32 Drivers/STM32L0xx_HAL_Driver/stm32l0xx_hal_cortex.o
 .ARM.attributes
                0x0000000000000176       0x32 Drivers/STM32L0xx_HAL_Driver/stm32l0xx_hal_dma.o
 .ARM.attributes
                0x00000000000001a8       0x32 Drivers/STM32L0xx_HAL_Driver/stm32l0xx_hal_gpio.o
 .ARM.attributes
                0x00000000000001da       0x32 Drivers/STM32L0xx_HAL_Driver/stm32l0xx_hal_pwr.o
 .ARM.attributes
                0x000000000000020c       0x32 Drivers/STM32L0xx_HAL_Driver/stm32l0xx_hal_pwr_ex.o
 .ARM.attributes
                0x000000000000023e       0x32 Drivers/STM32L0xx_HAL_Driver/stm32l0xx_hal_rcc.o
 .ARM.attributes
                0x0000000000000270       0x32 Drivers/STM32L0xx_HAL_Driver/stm32l0xx_hal_rcc_ex.o
 .ARM.attributes
                0x00000000000002a2       0x32 Drivers/STM32L0xx_HAL_Driver/stm32l0xx_hal_rtc.o
 .ARM.attributes
                0x00000000000002d4       0x32 Drivers/STM32L0xx_HAL_Driver/stm32l0xx_hal_rtc_ex.o
 .ARM.attributes
                0x0000000000000306       0x32 Drivers/STM32L0xx_HAL_Driver/stm32l0xx_hal_spi.o
 .ARM.attributes
                0x0000000000000338       0x32 Drivers/STM32L0xx_HAL_Driver/stm32l0xx_hal_uart.o
 .ARM.attributes
                0x000000000000036a       0x32 Drivers/STM32L0xx_HAL_Driver/stm32l0xx_hal_uart_ex.o
 .ARM.attributes
                0x000000000000039c       0x32 Middlewares/LoRaWAN/Utilities/low_power_manager.o
 .ARM.attributes
                0x00000000000003ce       0x32 Middlewares/LoRaWAN/Utilities/queue.o
 .ARM.attributes
                0x0000000000000400       0x32 Middlewares/LoRaWAN/Utilities/timeServer.o
 .ARM.attributes
                0x0000000000000432       0x32 Middlewares/LoRaWAN/Utilities/trace.o
 .ARM.attributes
                0x0000000000000464       0x32 Middlewares/LoRaWAN/Utilities/utilities.o
 .ARM.attributes
                0x0000000000000496       0x32 Projects/PingPong/debug.o
 .ARM.attributes
                0x00000000000004c8       0x32 Projects/PingPong/hw_gpio.o
 .ARM.attributes
                0x00000000000004fa       0x32 Projects/PingPong/hw_rtc.o
 .ARM.attributes
                0x000000000000052c       0x32 Projects/PingPong/hw_spi.o
 .ARM.attributes
                0x000000000000055e       0x32 Projects/PingPong/main.o
 .ARM.attributes
                0x0000000000000590       0x32 Projects/PingPong/stm32l0xx_hal_msp.o
 .ARM.attributes
                0x00000000000005c2       0x32 Projects/PingPong/stm32l0xx_hw.o
 .ARM.attributes
                0x00000000000005f4       0x32 Projects/PingPong/stm32l0xx_it.o
 .ARM.attributes
                0x0000000000000626       0x32 Projects/PingPong/vcom.o
 .ARM.attributes
                0x0000000000000658       0x22 Projects/SW4STM32/startup_stm32l073xx.o
 .ARM.attributes
                0x000000000000067a       0x2c /opt/Atollic_TrueSTUDIO_for_STM32_x86_64_9.1.0/ARMTools/bin/../lib/gcc/arm-atollic-eabi/6.3.1/../../../../arm-atollic-eabi/lib/armv6-m/libc_nano.a(lib_a-init.o)
 .ARM.attributes
                0x00000000000006a6       0x2c /opt/Atollic_TrueSTUDIO_for_STM32_x86_64_9.1.0/ARMTools/bin/../lib/gcc/arm-atollic-eabi/6.3.1/../../../../arm-atollic-eabi/lib/armv6-m/libc_nano.a(lib_a-memcpy-stub.o)
 .ARM.attributes
                0x00000000000006d2       0x2c /opt/Atollic_TrueSTUDIO_for_STM32_x86_64_9.1.0/ARMTools/bin/../lib/gcc/arm-atollic-eabi/6.3.1/../../../../arm-atollic-eabi/lib/armv6-m/libc_nano.a(lib_a-memset.o)
 .ARM.attributes
                0x00000000000006fe       0x2c /opt/Atollic_TrueSTUDIO_for_STM32_x86_64_9.1.0/ARMTools/bin/../lib/gcc/arm-atollic-eabi/6.3.1/../../../../arm-atollic-eabi/lib/armv6-m/libc_nano.a(lib_a-strncmp.o)
 .ARM.attributes
                0x000000000000072a       0x2c /opt/Atollic_TrueSTUDIO_for_STM32_x86_64_9.1.0/ARMTools/bin/../lib/gcc/arm-atollic-eabi/6.3.1/../../../../arm-atollic-eabi/lib/armv6-m/libc_nano.a(lib_a-vsnprintf.o)
 .ARM.attributes
                0x0000000000000756       0x2c /opt/Atollic_TrueSTUDIO_for_STM32_x86_64_9.1.0/ARMTools/bin/../lib/gcc/arm-atollic-eabi/6.3.1/../../../../arm-atollic-eabi/lib/armv6-m/libc_nano.a(lib_a-impure.o)
 .ARM.attributes
                0x0000000000000782       0x2c /opt/Atollic_TrueSTUDIO_for_STM32_x86_64_9.1.0/ARMTools/bin/../lib/gcc/arm-atollic-eabi/6.3.1/../../../../arm-atollic-eabi/lib/armv6-m/libc_nano.a(lib_a-nano-svfprintf.o)
 .ARM.attributes
                0x00000000000007ae       0x2c /opt/Atollic_TrueSTUDIO_for_STM32_x86_64_9.1.0/ARMTools/bin/../lib/gcc/arm-atollic-eabi/6.3.1/../../../../arm-atollic-eabi/lib/armv6-m/libc_nano.a(lib_a-nano-vfprintf_i.o)
 .ARM.attributes
                0x00000000000007da       0x2c /opt/Atollic_TrueSTUDIO_for_STM32_x86_64_9.1.0/ARMTools/bin/../lib/gcc/arm-atollic-eabi/6.3.1/../../../../arm-atollic-eabi/lib/armv6-m/libc_nano.a(lib_a-memchr-stub.o)
 .ARM.attributes
                0x0000000000000806       0x2c /opt/Atollic_TrueSTUDIO_for_STM32_x86_64_9.1.0/ARMTools/bin/../lib/gcc/arm-atollic-eabi/6.3.1/../../../../arm-atollic-eabi/lib/armv6-m/libc_nano.a(lib_a-memmove.o)
 .ARM.attributes
                0x0000000000000832       0x2c /opt/Atollic_TrueSTUDIO_for_STM32_x86_64_9.1.0/ARMTools/bin/../lib/gcc/arm-atollic-eabi/6.3.1/../../../../arm-atollic-eabi/lib/armv6-m/libc_nano.a(lib_a-nano-freer.o)
 .ARM.attributes
                0x000000000000085e       0x2c /opt/Atollic_TrueSTUDIO_for_STM32_x86_64_9.1.0/ARMTools/bin/../lib/gcc/arm-atollic-eabi/6.3.1/../../../../arm-atollic-eabi/lib/armv6-m/libc_nano.a(lib_a-nano-mallocr.o)
 .ARM.attributes
                0x000000000000088a       0x2c /opt/Atollic_TrueSTUDIO_for_STM32_x86_64_9.1.0/ARMTools/bin/../lib/gcc/arm-atollic-eabi/6.3.1/../../../../arm-atollic-eabi/lib/armv6-m/libc_nano.a(lib_a-nano-reallocr.o)
 .ARM.attributes
                0x00000000000008b6       0x2c /opt/Atollic_TrueSTUDIO_for_STM32_x86_64_9.1.0/ARMTools/bin/../lib/gcc/arm-atollic-eabi/6.3.1/../../../../arm-atollic-eabi/lib/armv6-m/libc_nano.a(lib_a-sbrkr.o)
 .ARM.attributes
                0x00000000000008e2       0x2c /opt/Atollic_TrueSTUDIO_for_STM32_x86_64_9.1.0/ARMTools/bin/../lib/gcc/arm-atollic-eabi/6.3.1/../../../../arm-atollic-eabi/lib/armv6-m/libc_nano.a(lib_a-mlock.o)
 .ARM.attributes
                0x000000000000090e       0x2c /opt/Atollic_TrueSTUDIO_for_STM32_x86_64_9.1.0/ARMTools/bin/../lib/gcc/arm-atollic-eabi/6.3.1/../../../../arm-atollic-eabi/lib/armv6-m/libc_nano.a(lib_a-nano-msizer.o)
 .ARM.attributes
                0x000000000000093a       0x2c /opt/Atollic_TrueSTUDIO_for_STM32_x86_64_9.1.0/ARMTools/bin/../lib/gcc/arm-atollic-eabi/6.3.1/../../../../arm-atollic-eabi/lib/armv6-m/libc_nano.a(lib_a-reent.o)
 .ARM.attributes
                0x0000000000000966       0x2c /opt/Atollic_TrueSTUDIO_for_STM32_x86_64_9.1.0/ARMTools/bin/../lib/gcc/arm-atollic-eabi/6.3.1/../../../../arm-atollic-eabi/lib/armv6-m/libm.a(lib_a-s_ceil.o)
 .ARM.attributes
                0x0000000000000992       0x2c /opt/Atollic_TrueSTUDIO_for_STM32_x86_64_9.1.0/ARMTools/bin/../lib/gcc/arm-atollic-eabi/6.3.1/../../../../arm-atollic-eabi/lib/armv6-m/libm.a(lib_a-s_floor.o)
 .ARM.attributes
                0x00000000000009be       0x2c /opt/Atollic_TrueSTUDIO_for_STM32_x86_64_9.1.0/ARMTools/bin/../lib/gcc/arm-atollic-eabi/6.3.1/../../../../arm-atollic-eabi/lib/armv6-m/libm.a(lib_a-s_round.o)
 .ARM.attributes
                0x00000000000009ea       0x1e /opt/Atollic_TrueSTUDIO_for_STM32_x86_64_9.1.0/ARMTools/bin/../lib/gcc/arm-atollic-eabi/6.3.1/armv6-m/libgcc.a(_thumb1_case_uqi.o)
 .ARM.attributes
                0x0000000000000a08       0x1e /opt/Atollic_TrueSTUDIO_for_STM32_x86_64_9.1.0/ARMTools/bin/../lib/gcc/arm-atollic-eabi/6.3.1/armv6-m/libgcc.a(_udivsi3.o)
 .ARM.attributes
                0x0000000000000a26       0x1e /opt/Atollic_TrueSTUDIO_for_STM32_x86_64_9.1.0/ARMTools/bin/../lib/gcc/arm-atollic-eabi/6.3.1/armv6-m/libgcc.a(_divsi3.o)
 .ARM.attributes
                0x0000000000000a44       0x1e /opt/Atollic_TrueSTUDIO_for_STM32_x86_64_9.1.0/ARMTools/bin/../lib/gcc/arm-atollic-eabi/6.3.1/armv6-m/libgcc.a(_dvmd_tls.o)
 .ARM.attributes
                0x0000000000000a62       0x1e /opt/Atollic_TrueSTUDIO_for_STM32_x86_64_9.1.0/ARMTools/bin/../lib/gcc/arm-atollic-eabi/6.3.1/armv6-m/libgcc.a(_arm_cmpdf2.o)
 .ARM.attributes
                0x0000000000000a80       0x1e /opt/Atollic_TrueSTUDIO_for_STM32_x86_64_9.1.0/ARMTools/bin/../lib/gcc/arm-atollic-eabi/6.3.1/armv6-m/libgcc.a(_aeabi_uldivmod.o)
 .ARM.attributes
                0x0000000000000a9e       0x2c /opt/Atollic_TrueSTUDIO_for_STM32_x86_64_9.1.0/ARMTools/bin/../lib/gcc/arm-atollic-eabi/6.3.1/armv6-m/libgcc.a(_fixunsdfsi.o)
 .ARM.attributes
                0x0000000000000aca       0x2c /opt/Atollic_TrueSTUDIO_for_STM32_x86_64_9.1.0/ARMTools/bin/../lib/gcc/arm-atollic-eabi/6.3.1/armv6-m/libgcc.a(_udivmoddi4.o)
 .ARM.attributes
                0x0000000000000af6       0x2c /opt/Atollic_TrueSTUDIO_for_STM32_x86_64_9.1.0/ARMTools/bin/../lib/gcc/arm-atollic-eabi/6.3.1/armv6-m/libgcc.a(adddf3.o)
 .ARM.attributes
                0x0000000000000b22       0x2c /opt/Atollic_TrueSTUDIO_for_STM32_x86_64_9.1.0/ARMTools/bin/../lib/gcc/arm-atollic-eabi/6.3.1/armv6-m/libgcc.a(divdf3.o)
 .ARM.attributes
                0x0000000000000b4e       0x2c /opt/Atollic_TrueSTUDIO_for_STM32_x86_64_9.1.0/ARMTools/bin/../lib/gcc/arm-atollic-eabi/6.3.1/armv6-m/libgcc.a(eqdf2.o)
 .ARM.attributes
                0x0000000000000b7a       0x2c /opt/Atollic_TrueSTUDIO_for_STM32_x86_64_9.1.0/ARMTools/bin/../lib/gcc/arm-atollic-eabi/6.3.1/armv6-m/libgcc.a(gedf2.o)
 .ARM.attributes
                0x0000000000000ba6       0x2c /opt/Atollic_TrueSTUDIO_for_STM32_x86_64_9.1.0/ARMTools/bin/../lib/gcc/arm-atollic-eabi/6.3.1/armv6-m/libgcc.a(ledf2.o)
 .ARM.attributes
                0x0000000000000bd2       0x2c /opt/Atollic_TrueSTUDIO_for_STM32_x86_64_9.1.0/ARMTools/bin/../lib/gcc/arm-atollic-eabi/6.3.1/armv6-m/libgcc.a(muldf3.o)
 .ARM.attributes
                0x0000000000000bfe       0x2c /opt/Atollic_TrueSTUDIO_for_STM32_x86_64_9.1.0/ARMTools/bin/../lib/gcc/arm-atollic-eabi/6.3.1/armv6-m/libgcc.a(subdf3.o)
 .ARM.attributes
                0x0000000000000c2a       0x2c /opt/Atollic_TrueSTUDIO_for_STM32_x86_64_9.1.0/ARMTools/bin/../lib/gcc/arm-atollic-eabi/6.3.1/armv6-m/libgcc.a(fixdfsi.o)
 .ARM.attributes
                0x0000000000000c56       0x2c /opt/Atollic_TrueSTUDIO_for_STM32_x86_64_9.1.0/ARMTools/bin/../lib/gcc/arm-atollic-eabi/6.3.1/armv6-m/libgcc.a(floatsidf.o)
 .ARM.attributes
                0x0000000000000c82       0x2c /opt/Atollic_TrueSTUDIO_for_STM32_x86_64_9.1.0/ARMTools/bin/../lib/gcc/arm-atollic-eabi/6.3.1/armv6-m/libgcc.a(floatunsidf.o)
 .ARM.attributes
                0x0000000000000cae       0x1e /opt/Atollic_TrueSTUDIO_for_STM32_x86_64_9.1.0/ARMTools/bin/../lib/gcc/arm-atollic-eabi/6.3.1/armv6-m/libgcc.a(_clzsi2.o)
 .ARM.attributes
                0x0000000000000ccc       0x1e /opt/Atollic_TrueSTUDIO_for_STM32_x86_64_9.1.0/ARMTools/bin/../lib/gcc/arm-atollic-eabi/6.3.1/armv6-m/libgcc.a(_clzdi2.o)
 .ARM.attributes
                0x0000000000000cea       0x2c /opt/Atollic_TrueSTUDIO_for_STM32_x86_64_9.1.0/ARMTools/bin/../lib/gcc/arm-atollic-eabi/6.3.1/../../../../arm-atollic-eabi/lib/armv6-m/libnosys.a(sbrk.o)
 .ARM.attributes
                0x0000000000000d16       0x1e /opt/Atollic_TrueSTUDIO_for_STM32_x86_64_9.1.0/ARMTools/bin/../lib/gcc/arm-atollic-eabi/6.3.1/armv6-m/crtn.o
OUTPUT(sx1272mb2das.elf elf32-littlearm)

.debug_info     0x0000000000000000    0x2589d
 .debug_info    0x0000000000000000     0x3599 Drivers/BSP/Components/sx1272.o
 .debug_info    0x0000000000003599     0x1709 Drivers/BSP/sx1272mb2das/sx1272mb2das.o
 .debug_info    0x0000000000004ca2      0xba2 Drivers/CMSIS/system_stm32l0xx.o
 .debug_info    0x0000000000005844     0x1012 Drivers/STM32L0xx_HAL_Driver/stm32l0xx_hal.o
 .debug_info    0x0000000000006856     0x16f5 Drivers/STM32L0xx_HAL_Driver/stm32l0xx_hal_adc.o
 .debug_info    0x0000000000007f4b     0x116b Drivers/STM32L0xx_HAL_Driver/stm32l0xx_hal_cortex.o
 .debug_info    0x00000000000090b6      0xf3a Drivers/STM32L0xx_HAL_Driver/stm32l0xx_hal_dma.o
 .debug_info    0x0000000000009ff0      0xee2 Drivers/STM32L0xx_HAL_Driver/stm32l0xx_hal_gpio.o
 .debug_info    0x000000000000aed2      0xdbd Drivers/STM32L0xx_HAL_Driver/stm32l0xx_hal_pwr.o
 .debug_info    0x000000000000bc8f      0xa3c Drivers/STM32L0xx_HAL_Driver/stm32l0xx_hal_pwr_ex.o
 .debug_info    0x000000000000c6cb     0x13d1 Drivers/STM32L0xx_HAL_Driver/stm32l0xx_hal_rcc.o
 .debug_info    0x000000000000da9c     0x10e0 Drivers/STM32L0xx_HAL_Driver/stm32l0xx_hal_rcc_ex.o
 .debug_info    0x000000000000eb7c     0x15bc Drivers/STM32L0xx_HAL_Driver/stm32l0xx_hal_rtc.o
 .debug_info    0x0000000000010138     0x1817 Drivers/STM32L0xx_HAL_Driver/stm32l0xx_hal_rtc_ex.o
 .debug_info    0x000000000001194f     0x1d8c Drivers/STM32L0xx_HAL_Driver/stm32l0xx_hal_spi.o
 .debug_info    0x00000000000136db     0x222a Drivers/STM32L0xx_HAL_Driver/stm32l0xx_hal_uart.o
 .debug_info    0x0000000000015905     0x1161 Drivers/STM32L0xx_HAL_Driver/stm32l0xx_hal_uart_ex.o
 .debug_info    0x0000000000016a66      0xca4 Middlewares/LoRaWAN/Utilities/low_power_manager.o
 .debug_info    0x000000000001770a      0x465 Middlewares/LoRaWAN/Utilities/queue.o
 .debug_info    0x0000000000017b6f     0x10cb Middlewares/LoRaWAN/Utilities/timeServer.o
 .debug_info    0x0000000000018c3a      0xe9d Middlewares/LoRaWAN/Utilities/trace.o
 .debug_info    0x0000000000019ad7      0xafd Middlewares/LoRaWAN/Utilities/utilities.o
 .debug_info    0x000000000001a5d4      0xcdc Projects/PingPong/debug.o
 .debug_info    0x000000000001b2b0     0x104e Projects/PingPong/hw_gpio.o
 .debug_info    0x000000000001c2fe     0x1983 Projects/PingPong/hw_rtc.o
 .debug_info    0x000000000001dc81     0x13fe Projects/PingPong/hw_spi.o
 .debug_info    0x000000000001f07f     0x15a1 Projects/PingPong/main.o
 .debug_info    0x0000000000020620     0x12fa Projects/PingPong/stm32l0xx_hal_msp.o
 .debug_info    0x000000000002191a     0x1c51 Projects/PingPong/stm32l0xx_hw.o
 .debug_info    0x000000000002356b      0xc55 Projects/PingPong/stm32l0xx_it.o
 .debug_info    0x00000000000241c0     0x1602 Projects/PingPong/vcom.o
 .debug_info    0x00000000000257c2       0xdb Projects/SW4STM32/startup_stm32l073xx.o

.debug_abbrev   0x0000000000000000     0x5761
 .debug_abbrev  0x0000000000000000      0x4b5 Drivers/BSP/Components/sx1272.o
 .debug_abbrev  0x00000000000004b5      0x2d4 Drivers/BSP/sx1272mb2das/sx1272mb2das.o
 .debug_abbrev  0x0000000000000789      0x1cd Drivers/CMSIS/system_stm32l0xx.o
 .debug_abbrev  0x0000000000000956      0x2c3 Drivers/STM32L0xx_HAL_Driver/stm32l0xx_hal.o
 .debug_abbrev  0x0000000000000c19      0x317 Drivers/STM32L0xx_HAL_Driver/stm32l0xx_hal_adc.o
 .debug_abbrev  0x0000000000000f30      0x325 Drivers/STM32L0xx_HAL_Driver/stm32l0xx_hal_cortex.o
 .debug_abbrev  0x0000000000001255      0x2a0 Drivers/STM32L0xx_HAL_Driver/stm32l0xx_hal_dma.o
 .debug_abbrev  0x00000000000014f5      0x255 Drivers/STM32L0xx_HAL_Driver/stm32l0xx_hal_gpio.o
 .debug_abbrev  0x000000000000174a      0x213 Drivers/STM32L0xx_HAL_Driver/stm32l0xx_hal_pwr.o
 .debug_abbrev  0x000000000000195d      0x1ee Drivers/STM32L0xx_HAL_Driver/stm32l0xx_hal_pwr_ex.o
 .debug_abbrev  0x0000000000001b4b      0x32d Drivers/STM32L0xx_HAL_Driver/stm32l0xx_hal_rcc.o
 .debug_abbrev  0x0000000000001e78      0x2b5 Drivers/STM32L0xx_HAL_Driver/stm32l0xx_hal_rcc_ex.o
 .debug_abbrev  0x000000000000212d      0x2ba Drivers/STM32L0xx_HAL_Driver/stm32l0xx_hal_rtc.o
 .debug_abbrev  0x00000000000023e7      0x2c9 Drivers/STM32L0xx_HAL_Driver/stm32l0xx_hal_rtc_ex.o
 .debug_abbrev  0x00000000000026b0      0x35a Drivers/STM32L0xx_HAL_Driver/stm32l0xx_hal_spi.o
 .debug_abbrev  0x0000000000002a0a      0x3aa Drivers/STM32L0xx_HAL_Driver/stm32l0xx_hal_uart.o
 .debug_abbrev  0x0000000000002db4      0x2a6 Drivers/STM32L0xx_HAL_Driver/stm32l0xx_hal_uart_ex.o
 .debug_abbrev  0x000000000000305a      0x2d0 Middlewares/LoRaWAN/Utilities/low_power_manager.o
 .debug_abbrev  0x000000000000332a      0x199 Middlewares/LoRaWAN/Utilities/queue.o
 .debug_abbrev  0x00000000000034c3      0x3dd Middlewares/LoRaWAN/Utilities/timeServer.o
 .debug_abbrev  0x00000000000038a0      0x33a Middlewares/LoRaWAN/Utilities/trace.o
 .debug_abbrev  0x0000000000003bda      0x20f Middlewares/LoRaWAN/Utilities/utilities.o
 .debug_abbrev  0x0000000000003de9      0x223 Projects/PingPong/debug.o
 .debug_abbrev  0x000000000000400c      0x284 Projects/PingPong/hw_gpio.o
 .debug_abbrev  0x0000000000004290      0x434 Projects/PingPong/hw_rtc.o
 .debug_abbrev  0x00000000000046c4      0x2b4 Projects/PingPong/hw_spi.o
 .debug_abbrev  0x0000000000004978      0x2e9 Projects/PingPong/main.o
 .debug_abbrev  0x0000000000004c61      0x256 Projects/PingPong/stm32l0xx_hal_msp.o
 .debug_abbrev  0x0000000000004eb7      0x400 Projects/PingPong/stm32l0xx_hw.o
 .debug_abbrev  0x00000000000052b7      0x232 Projects/PingPong/stm32l0xx_it.o
 .debug_abbrev  0x00000000000054e9      0x266 Projects/PingPong/vcom.o
 .debug_abbrev  0x000000000000574f       0x12 Projects/SW4STM32/startup_stm32l073xx.o

.debug_loc      0x0000000000000000     0xa358
 .debug_loc     0x0000000000000000     0x15c8 Drivers/BSP/Components/sx1272.o
 .debug_loc     0x00000000000015c8      0x104 Drivers/BSP/sx1272mb2das/sx1272mb2das.o
 .debug_loc     0x00000000000016cc      0x17f Drivers/CMSIS/system_stm32l0xx.o
 .debug_loc     0x000000000000184b       0xac Drivers/STM32L0xx_HAL_Driver/stm32l0xx_hal.o
 .debug_loc     0x00000000000018f7      0xa74 Drivers/STM32L0xx_HAL_Driver/stm32l0xx_hal_adc.o
 .debug_loc     0x000000000000236b      0x3b6 Drivers/STM32L0xx_HAL_Driver/stm32l0xx_hal_cortex.o
 .debug_loc     0x0000000000002721      0x729 Drivers/STM32L0xx_HAL_Driver/stm32l0xx_hal_dma.o
 .debug_loc     0x0000000000002e4a      0x2f9 Drivers/STM32L0xx_HAL_Driver/stm32l0xx_hal_gpio.o
 .debug_loc     0x0000000000003143      0x12e Drivers/STM32L0xx_HAL_Driver/stm32l0xx_hal_pwr.o
 .debug_loc     0x0000000000003271       0x2a Drivers/STM32L0xx_HAL_Driver/stm32l0xx_hal_pwr_ex.o
 .debug_loc     0x000000000000329b      0x5b7 Drivers/STM32L0xx_HAL_Driver/stm32l0xx_hal_rcc.o
 .debug_loc     0x0000000000003852      0x73b Drivers/STM32L0xx_HAL_Driver/stm32l0xx_hal_rcc_ex.o
 .debug_loc     0x0000000000003f8d      0xc45 Drivers/STM32L0xx_HAL_Driver/stm32l0xx_hal_rtc.o
 .debug_loc     0x0000000000004bd2      0xf9d Drivers/STM32L0xx_HAL_Driver/stm32l0xx_hal_rtc_ex.o
 .debug_loc     0x0000000000005b6f      0xfdf Drivers/STM32L0xx_HAL_Driver/stm32l0xx_hal_spi.o
 .debug_loc     0x0000000000006b4e     0x151a Drivers/STM32L0xx_HAL_Driver/stm32l0xx_hal_uart.o
 .debug_loc     0x0000000000008068      0x31c Drivers/STM32L0xx_HAL_Driver/stm32l0xx_hal_uart_ex.o
 .debug_loc     0x0000000000008384       0x91 Middlewares/LoRaWAN/Utilities/low_power_manager.o
 .debug_loc     0x0000000000008415      0x491 Middlewares/LoRaWAN/Utilities/queue.o
 .debug_loc     0x00000000000088a6      0x4cd Middlewares/LoRaWAN/Utilities/timeServer.o
 .debug_loc     0x0000000000008d73       0xc1 Middlewares/LoRaWAN/Utilities/trace.o
 .debug_loc     0x0000000000008e34      0x241 Middlewares/LoRaWAN/Utilities/utilities.o
 .debug_loc     0x0000000000009075      0x262 Projects/PingPong/hw_gpio.o
 .debug_loc     0x00000000000092d7      0xbe1 Projects/PingPong/hw_rtc.o
 .debug_loc     0x0000000000009eb8       0x6b Projects/PingPong/hw_spi.o
 .debug_loc     0x0000000000009f23      0x184 Projects/PingPong/main.o
 .debug_loc     0x000000000000a0a7       0xc4 Projects/PingPong/stm32l0xx_hal_msp.o
 .debug_loc     0x000000000000a16b       0xf7 Projects/PingPong/stm32l0xx_hw.o
 .debug_loc     0x000000000000a262       0xf6 Projects/PingPong/vcom.o

.debug_aranges  0x0000000000000000     0x1090
 .debug_aranges
                0x0000000000000000      0x140 Drivers/BSP/Components/sx1272.o
 .debug_aranges
                0x0000000000000140       0x68 Drivers/BSP/sx1272mb2das/sx1272mb2das.o
 .debug_aranges
                0x00000000000001a8       0x28 Drivers/CMSIS/system_stm32l0xx.o
 .debug_aranges
                0x00000000000001d0       0xd8 Drivers/STM32L0xx_HAL_Driver/stm32l0xx_hal.o
 .debug_aranges
                0x00000000000002a8       0xd8 Drivers/STM32L0xx_HAL_Driver/stm32l0xx_hal_adc.o
 .debug_aranges
                0x0000000000000380       0x80 Drivers/STM32L0xx_HAL_Driver/stm32l0xx_hal_cortex.o
 .debug_aranges
                0x0000000000000400       0x68 Drivers/STM32L0xx_HAL_Driver/stm32l0xx_hal_dma.o
 .debug_aranges
                0x0000000000000468       0x58 Drivers/STM32L0xx_HAL_Driver/stm32l0xx_hal_gpio.o
 .debug_aranges
                0x00000000000004c0       0xa0 Drivers/STM32L0xx_HAL_Driver/stm32l0xx_hal_pwr.o
 .debug_aranges
                0x0000000000000560       0x50 Drivers/STM32L0xx_HAL_Driver/stm32l0xx_hal_pwr_ex.o
 .debug_aranges
                0x00000000000005b0       0x88 Drivers/STM32L0xx_HAL_Driver/stm32l0xx_hal_rcc.o
 .debug_aranges
                0x0000000000000638       0x98 Drivers/STM32L0xx_HAL_Driver/stm32l0xx_hal_rcc_ex.o
 .debug_aranges
                0x00000000000006d0       0xa8 Drivers/STM32L0xx_HAL_Driver/stm32l0xx_hal_rtc.o
 .debug_aranges
                0x0000000000000778      0x108 Drivers/STM32L0xx_HAL_Driver/stm32l0xx_hal_rtc_ex.o
 .debug_aranges
                0x0000000000000880      0x108 Drivers/STM32L0xx_HAL_Driver/stm32l0xx_hal_spi.o
 .debug_aranges
                0x0000000000000988      0x188 Drivers/STM32L0xx_HAL_Driver/stm32l0xx_hal_uart.o
 .debug_aranges
                0x0000000000000b10       0x58 Drivers/STM32L0xx_HAL_Driver/stm32l0xx_hal_uart_ex.o
 .debug_aranges
                0x0000000000000b68       0x40 Middlewares/LoRaWAN/Utilities/low_power_manager.o
 .debug_aranges
                0x0000000000000ba8       0x48 Middlewares/LoRaWAN/Utilities/queue.o
 .debug_aranges
                0x0000000000000bf0       0x80 Middlewares/LoRaWAN/Utilities/timeServer.o
 .debug_aranges
                0x0000000000000c70       0x38 Middlewares/LoRaWAN/Utilities/trace.o
 .debug_aranges
                0x0000000000000ca8       0x50 Middlewares/LoRaWAN/Utilities/utilities.o
 .debug_aranges
                0x0000000000000cf8       0x28 Projects/PingPong/debug.o
 .debug_aranges
                0x0000000000000d20       0x48 Projects/PingPong/hw_gpio.o
 .debug_aranges
                0x0000000000000d68       0xb0 Projects/PingPong/hw_rtc.o
 .debug_aranges
                0x0000000000000e18       0x40 Projects/PingPong/hw_spi.o
 .debug_aranges
                0x0000000000000e58       0x50 Projects/PingPong/main.o
 .debug_aranges
                0x0000000000000ea8       0x58 Projects/PingPong/stm32l0xx_hal_msp.o
 .debug_aranges
                0x0000000000000f00       0x88 Projects/PingPong/stm32l0xx_hw.o
 .debug_aranges
                0x0000000000000f88       0x78 Projects/PingPong/stm32l0xx_it.o
 .debug_aranges
                0x0000000000001000       0x68 Projects/PingPong/vcom.o
 .debug_aranges
                0x0000000000001068       0x28 Projects/SW4STM32/startup_stm32l073xx.o

.debug_ranges   0x0000000000000000     0x1238
 .debug_ranges  0x0000000000000000      0x1d8 Drivers/BSP/Components/sx1272.o
 .debug_ranges  0x00000000000001d8       0x58 Drivers/BSP/sx1272mb2das/sx1272mb2das.o
 .debug_ranges  0x0000000000000230       0x18 Drivers/CMSIS/system_stm32l0xx.o
 .debug_ranges  0x0000000000000248       0xc8 Drivers/STM32L0xx_HAL_Driver/stm32l0xx_hal.o
 .debug_ranges  0x0000000000000310       0xc8 Drivers/STM32L0xx_HAL_Driver/stm32l0xx_hal_adc.o
 .debug_ranges  0x00000000000003d8       0xc0 Drivers/STM32L0xx_HAL_Driver/stm32l0xx_hal_cortex.o
 .debug_ranges  0x0000000000000498       0x88 Drivers/STM32L0xx_HAL_Driver/stm32l0xx_hal_dma.o
 .debug_ranges  0x0000000000000520       0x48 Drivers/STM32L0xx_HAL_Driver/stm32l0xx_hal_gpio.o
 .debug_ranges  0x0000000000000568       0x90 Drivers/STM32L0xx_HAL_Driver/stm32l0xx_hal_pwr.o
 .debug_ranges  0x00000000000005f8       0x40 Drivers/STM32L0xx_HAL_Driver/stm32l0xx_hal_pwr_ex.o
 .debug_ranges  0x0000000000000638       0xe0 Drivers/STM32L0xx_HAL_Driver/stm32l0xx_hal_rcc.o
 .debug_ranges  0x0000000000000718       0xa8 Drivers/STM32L0xx_HAL_Driver/stm32l0xx_hal_rcc_ex.o
 .debug_ranges  0x00000000000007c0       0x98 Drivers/STM32L0xx_HAL_Driver/stm32l0xx_hal_rtc.o
 .debug_ranges  0x0000000000000858       0xf8 Drivers/STM32L0xx_HAL_Driver/stm32l0xx_hal_rtc_ex.o
 .debug_ranges  0x0000000000000950      0x158 Drivers/STM32L0xx_HAL_Driver/stm32l0xx_hal_spi.o
 .debug_ranges  0x0000000000000aa8      0x178 Drivers/STM32L0xx_HAL_Driver/stm32l0xx_hal_uart.o
 .debug_ranges  0x0000000000000c20       0x48 Drivers/STM32L0xx_HAL_Driver/stm32l0xx_hal_uart_ex.o
 .debug_ranges  0x0000000000000c68       0x30 Middlewares/LoRaWAN/Utilities/low_power_manager.o
 .debug_ranges  0x0000000000000c98       0xd0 Middlewares/LoRaWAN/Utilities/queue.o
 .debug_ranges  0x0000000000000d68       0x88 Middlewares/LoRaWAN/Utilities/timeServer.o
 .debug_ranges  0x0000000000000df0       0x28 Middlewares/LoRaWAN/Utilities/trace.o
 .debug_ranges  0x0000000000000e18       0x40 Middlewares/LoRaWAN/Utilities/utilities.o
 .debug_ranges  0x0000000000000e58       0x48 Projects/PingPong/debug.o
 .debug_ranges  0x0000000000000ea0       0x38 Projects/PingPong/hw_gpio.o
 .debug_ranges  0x0000000000000ed8       0xb8 Projects/PingPong/hw_rtc.o
 .debug_ranges  0x0000000000000f90       0x30 Projects/PingPong/hw_spi.o
 .debug_ranges  0x0000000000000fc0       0x40 Projects/PingPong/main.o
 .debug_ranges  0x0000000000001000       0x48 Projects/PingPong/stm32l0xx_hal_msp.o
 .debug_ranges  0x0000000000001048       0x78 Projects/PingPong/stm32l0xx_hw.o
 .debug_ranges  0x00000000000010c0       0x68 Projects/PingPong/stm32l0xx_it.o
 .debug_ranges  0x0000000000001128       0xf0 Projects/PingPong/vcom.o
 .debug_ranges  0x0000000000001218       0x20 Projects/SW4STM32/startup_stm32l073xx.o

.debug_macro    0x0000000000000000    0x1d805
 .debug_macro   0x0000000000000000      0x47e Drivers/BSP/Components/sx1272.o
 .debug_macro   0x000000000000047e      0x8b0 Drivers/BSP/Components/sx1272.o
 .debug_macro   0x0000000000000d2e       0x22 Drivers/BSP/Components/sx1272.o
 .debug_macro   0x0000000000000d50       0x40 Drivers/BSP/Components/sx1272.o
 .debug_macro   0x0000000000000d90       0x8d Drivers/BSP/Components/sx1272.o
 .debug_macro   0x0000000000000e1d       0x3c Drivers/BSP/Components/sx1272.o
 .debug_macro   0x0000000000000e59       0x9c Drivers/BSP/Components/sx1272.o
 .debug_macro   0x0000000000000ef5      0x174 Drivers/BSP/Components/sx1272.o
 .debug_macro   0x0000000000001069       0x57 Drivers/BSP/Components/sx1272.o
 .debug_macro   0x00000000000010c0       0x52 Drivers/BSP/Components/sx1272.o
 .debug_macro   0x0000000000001112       0x1f Drivers/BSP/Components/sx1272.o
 .debug_macro   0x0000000000001131       0x43 Drivers/BSP/Components/sx1272.o
 .debug_macro   0x0000000000001174       0x20 Drivers/BSP/Components/sx1272.o
 .debug_macro   0x0000000000001194      0x1a3 Drivers/BSP/Components/sx1272.o
 .debug_macro   0x0000000000001337      0x30d Drivers/BSP/Components/sx1272.o
 .debug_macro   0x0000000000001644      0x1e1 Drivers/BSP/Components/sx1272.o
 .debug_macro   0x0000000000001825       0x22 Drivers/BSP/Components/sx1272.o
 .debug_macro   0x0000000000001847       0xef Drivers/BSP/Components/sx1272.o
 .debug_macro   0x0000000000001936       0x6a Drivers/BSP/Components/sx1272.o
 .debug_macro   0x00000000000019a0      0x1df Drivers/BSP/Components/sx1272.o
 .debug_macro   0x0000000000001b7f       0xb8 Drivers/BSP/Components/sx1272.o
 .debug_macro   0x0000000000001c37       0x2e Drivers/BSP/Components/sx1272.o
 .debug_macro   0x0000000000001c65       0x28 Drivers/BSP/Components/sx1272.o
 .debug_macro   0x0000000000001c8d       0x28 Drivers/BSP/Components/sx1272.o
 .debug_macro   0x0000000000001cb5       0x85 Drivers/BSP/Components/sx1272.o
 .debug_macro   0x0000000000001d3a      0x49b Drivers/BSP/Components/sx1272.o
 .debug_macro   0x00000000000021d5     0xa40d Drivers/BSP/Components/sx1272.o
 .debug_macro   0x000000000000c5e2       0x3c Drivers/BSP/Components/sx1272.o
 .debug_macro   0x000000000000c61e     0x34ef Drivers/BSP/Components/sx1272.o
 .debug_macro   0x000000000000fb0d       0x1c Drivers/BSP/Components/sx1272.o
 .debug_macro   0x000000000000fb29       0x35 Drivers/BSP/Components/sx1272.o
 .debug_macro   0x000000000000fb5e       0x10 Drivers/BSP/Components/sx1272.o
 .debug_macro   0x000000000000fb6e       0x10 Drivers/BSP/Components/sx1272.o
 .debug_macro   0x000000000000fb7e       0x1c Drivers/BSP/Components/sx1272.o
 .debug_macro   0x000000000000fb9a       0x52 Drivers/BSP/Components/sx1272.o
 .debug_macro   0x000000000000fbec       0x40 Drivers/BSP/Components/sx1272.o