stm32l0xx_hal_rtc_ex.c:169:19:HAL_RTCEx_SetTimeStamp	12	static
stm32l0xx_hal_rtc_ex.c:224:19:HAL_RTCEx_SetTimeStamp_IT	12	static
stm32l0xx_hal_rtc_ex.c:274:19:HAL_RTCEx_DeactivateTimeStamp	8	static
stm32l0xx_hal_rtc_ex.c:318:19:HAL_RTCEx_GetTimeStamp	32	static
stm32l0xx_hal_rtc_ex.c:369:19:HAL_RTCEx_SetTamper	20	static
stm32l0xx_hal_rtc_ex.c:537:19:HAL_RTCEx_SetTamper_IT	20	static
stm32l0xx_hal_rtc_ex.c:712:19:HAL_RTCEx_DeactivateTamper	16	static
stm32l0xx_hal_rtc_ex.c:877:13:HAL_RTCEx_TimeStampEventCallback	0	static
stm32l0xx_hal_rtc_ex.c:892:13:HAL_RTCEx_Tamper1EventCallback	0	static
stm32l0xx_hal_rtc_ex.c:907:13:HAL_RTCEx_Tamper2EventCallback	0	static
stm32l0xx_hal_rtc_ex.c:928:13:HAL_RTCEx_Tamper3EventCallback	0	static
stm32l0xx_hal_rtc_ex.c:781:6:HAL_RTCEx_TamperTimeStampIRQHandler	8	static
stm32l0xx_hal_rtc_ex.c:951:19:HAL_RTCEx_PollForTimeStampEvent	24	static
stm32l0xx_hal_rtc_ex.c:996:19:HAL_RTCEx_PollForTamper1Event	24	static
stm32l0xx_hal_rtc_ex.c:1035:19:HAL_RTCEx_PollForTamper2Event	24	static
stm32l0xx_hal_rtc_ex.c:1073:19:HAL_RTCEx_PollForTamper3Event	24	static
stm32l0xx_hal_rtc_ex.c:1130:19:HAL_RTCEx_SetWakeUpTimer	40	static
stm32l0xx_hal_rtc_ex.c:1219:19:HAL_RTCEx_SetWakeUpTimer_IT	40	static
stm32l0xx_hal_rtc_ex.c:1317:10:HAL_RTCEx_DeactivateWakeUpTimer	32	static
stm32l0xx_hal_rtc_ex.c:1369:10:HAL_RTCEx_GetWakeUpTimer	0	static
stm32l0xx_hal_rtc_ex.c:1405:13:HAL_RTCEx_WakeUpTimerEventCallback	0	static
stm32l0xx_hal_rtc_ex.c:1380:6:HAL_RTCEx_WakeUpTimerIRQHandler	8	static
stm32l0xx_hal_rtc_ex.c:1422:19:HAL_RTCEx_PollForWakeUpTimerEvent	24	static
stm32l0xx_hal_rtc_ex.c:1488:6:HAL_RTCEx_BKUPWrite	0	static
stm32l0xx_hal_rtc_ex.c:1510:10:HAL_RTCEx_BKUPRead	0	static
stm32l0xx_hal_rtc_ex.c:1543:19:HAL_RTCEx_SetSmoothCalib	40	static
stm32l0xx_hal_rtc_ex.c:1611:19:HAL_RTCEx_SetSynchroShift	32	static
stm32l0xx_hal_rtc_ex.c:1704:19:HAL_RTCEx_SetCalibrationOutPut	12	static
stm32l0xx_hal_rtc_ex.c:1742:19:HAL_RTCEx_DeactivateCalibrationOutPut	8	static
stm32l0xx_hal_rtc_ex.c:1771:19:HAL_RTCEx_SetRefClock	24	static
stm32l0xx_hal_rtc_ex.c:1820:19:HAL_RTCEx_DeactivateRefClock	24	static
stm32l0xx_hal_rtc_ex.c:1871:19:HAL_RTCEx_EnableBypassShadow	8	static
stm32l0xx_hal_rtc_ex.c:1903:19:HAL_RTCEx_DisableBypassShadow	8	static
stm32l0xx_hal_rtc_ex.c:1952:13:HAL_RTCEx_AlarmBEventCallback	0	static
stm32l0xx_hal_rtc_ex.c:1968:19:HAL_RTCEx_PollForAlarmBEvent	24	static
