stm32l0xx_hal_pwr.c:96:6:HAL_PWR_DeInit	0	static
stm32l0xx_hal_pwr.c:343:6:HAL_PWR_EnableBkUpAccess	0	static
stm32l0xx_hal_pwr.c:356:6:HAL_PWR_DisableBkUpAccess	0	static
stm32l0xx_hal_pwr.c:372:6:HAL_PWR_ConfigPVD	0	static
stm32l0xx_hal_pwr.c:415:6:HAL_PWR_EnablePVD	0	static
stm32l0xx_hal_pwr.c:425:6:HAL_PWR_DisablePVD	0	static
stm32l0xx_hal_pwr.c:441:6:HAL_PWR_EnableWakeUpPin	0	static
stm32l0xx_hal_pwr.c:458:6:HAL_PWR_DisableWakeUpPin	0	static
stm32l0xx_hal_pwr.c:481:6:HAL_PWR_EnterSLEEPMode	8	static
stm32l0xx_hal_pwr.c:542:6:HAL_PWR_EnterSTOPMode	8	static
stm32l0xx_hal_pwr.c:597:6:HAL_PWR_EnterSTANDBYMode	0	static
stm32l0xx_hal_pwr.c:621:6:HAL_PWR_EnableSleepOnExit	0	static
stm32l0xx_hal_pwr.c:634:6:HAL_PWR_DisableSleepOnExit	0	static
stm32l0xx_hal_pwr.c:647:6:HAL_PWR_EnableSEVOnPend	0	static
stm32l0xx_hal_pwr.c:660:6:HAL_PWR_DisableSEVOnPend	0	static
stm32l0xx_hal_pwr.c:689:13:HAL_PWR_PVDCallback	0	static
stm32l0xx_hal_pwr.c:672:6:HAL_PWR_PVD_IRQHandler	16	static
