stm32l0xx_hal_tim.c:4492:6:TIM_Base_SetConfig	0	static
stm32l0xx_hal_tim.c:4534:13:TIM_OC1_SetConfig	12	static
stm32l0xx_hal_tim.c:4581:13:TIM_OC2_SetConfig	12	static
stm32l0xx_hal_tim.c:4868:13:TIM_TI1_SetConfig	20	static
stm32l0xx_hal_tim.c:5192:13:TIM_CCxChannelCmd	8	static
stm32l0xx_hal_tim.c:4724:13:TIM_SlaveTimer_SetConfig	12	static
stm32l0xx_hal_tim.c:277:13:HAL_TIM_Base_MspInit	0	static
stm32l0xx_hal_tim.c:208:19:HAL_TIM_Base_Init	16	static
stm32l0xx_hal_tim.c:292:13:HAL_TIM_Base_MspDeInit	0	static
stm32l0xx_hal_tim.c:250:19:HAL_TIM_Base_DeInit	16	static
stm32l0xx_hal_tim.c:308:19:HAL_TIM_Base_Start	0	static
stm32l0xx_hal_tim.c:331:19:HAL_TIM_Base_Stop	0	static
stm32l0xx_hal_tim.c:354:19:HAL_TIM_Base_Start_IT	0	static
stm32l0xx_hal_tim.c:374:19:HAL_TIM_Base_Stop_IT	0	static
stm32l0xx_hal_tim.c:395:19:HAL_TIM_Base_Start_DMA	16	static
stm32l0xx_hal_tim.c:439:19:HAL_TIM_Base_Stop_DMA	0	static
stm32l0xx_hal_tim.c:561:13:HAL_TIM_OC_MspInit	0	static
stm32l0xx_hal_tim.c:492:19:HAL_TIM_OC_Init	16	static
stm32l0xx_hal_tim.c:576:13:HAL_TIM_OC_MspDeInit	0	static
stm32l0xx_hal_tim.c:534:19:HAL_TIM_OC_DeInit	16	static
stm32l0xx_hal_tim.c:1038:13:HAL_TIM_PWM_MspInit	0	static
stm32l0xx_hal_tim.c:969:19:HAL_TIM_PWM_Init	16	static
stm32l0xx_hal_tim.c:1053:13:HAL_TIM_PWM_MspDeInit	0	static
stm32l0xx_hal_tim.c:1011:19:HAL_TIM_PWM_DeInit	16	static
stm32l0xx_hal_tim.c:1100:19:HAL_TIM_PWM_Stop	8	static
stm32l0xx_hal_tim.c:1251:19:HAL_TIM_PWM_Start_DMA	16	static
stm32l0xx_hal_tim.c:771:19:HAL_TIM_OC_Start_DMA	8	static
stm32l0xx_hal_tim.c:1518:13:HAL_TIM_IC_MspInit	0	static
stm32l0xx_hal_tim.c:1449:19:HAL_TIM_IC_Init	16	static
stm32l0xx_hal_tim.c:1533:13:HAL_TIM_IC_MspDeInit	0	static
stm32l0xx_hal_tim.c:1491:19:HAL_TIM_IC_DeInit	16	static
stm32l0xx_hal_tim.c:1554:19:HAL_TIM_IC_Start	8	static
stm32l0xx_hal_tim.c:1074:19:HAL_TIM_PWM_Start	8	static
stm32l0xx_hal_tim.c:597:19:HAL_TIM_OC_Start	8	static
stm32l0xx_hal_tim.c:1580:19:HAL_TIM_IC_Stop	8	static
stm32l0xx_hal_tim.c:623:19:HAL_TIM_OC_Stop	8	static
stm32l0xx_hal_tim.c:1606:19:HAL_TIM_IC_Start_IT	8	static
stm32l0xx_hal_tim.c:1129:19:HAL_TIM_PWM_Start_IT	8	static
stm32l0xx_hal_tim.c:649:19:HAL_TIM_OC_Start_IT	8	static
stm32l0xx_hal_tim.c:1665:19:HAL_TIM_IC_Stop_IT	8	static
stm32l0xx_hal_tim.c:1189:19:HAL_TIM_PWM_Stop_IT	8	static
stm32l0xx_hal_tim.c:709:19:HAL_TIM_OC_Stop_IT	8	static
stm32l0xx_hal_tim.c:1727:19:HAL_TIM_IC_Start_DMA	16	static
stm32l0xx_hal_tim.c:1840:19:HAL_TIM_IC_Stop_DMA	8	static
stm32l0xx_hal_tim.c:1362:19:HAL_TIM_PWM_Stop_DMA	8	static
stm32l0xx_hal_tim.c:882:19:HAL_TIM_OC_Stop_DMA	8	static
stm32l0xx_hal_tim.c:2007:13:HAL_TIM_OnePulse_MspInit	0	static
stm32l0xx_hal_tim.c:1931:19:HAL_TIM_OnePulse_Init	16	static
stm32l0xx_hal_tim.c:2022:13:HAL_TIM_OnePulse_MspDeInit	0	static
stm32l0xx_hal_tim.c:1980:19:HAL_TIM_OnePulse_DeInit	16	static
stm32l0xx_hal_tim.c:2041:19:HAL_TIM_OnePulse_Start	0	static
stm32l0xx_hal_tim.c:2071:19:HAL_TIM_OnePulse_Stop	0	static
stm32l0xx_hal_tim.c:2101:19:HAL_TIM_OnePulse_Start_IT	0	static
stm32l0xx_hal_tim.c:2137:19:HAL_TIM_OnePulse_Stop_IT	0	static
stm32l0xx_hal_tim.c:2320:13:HAL_TIM_Encoder_MspInit	0	static
stm32l0xx_hal_tim.c:2198:19:HAL_TIM_Encoder_Init	24	static
stm32l0xx_hal_tim.c:2335:13:HAL_TIM_Encoder_MspDeInit	0	static
stm32l0xx_hal_tim.c:2293:19:HAL_TIM_Encoder_DeInit	16	static
stm32l0xx_hal_tim.c:2355:19:HAL_TIM_Encoder_Start	0	static
stm32l0xx_hal_tim.c:2399:19:HAL_TIM_Encoder_Stop	0	static
stm32l0xx_hal_tim.c:2445:19:HAL_TIM_Encoder_Start_IT	0	static
stm32l0xx_hal_tim.c:2495:19:HAL_TIM_Encoder_Stop_IT	8	static
stm32l0xx_hal_tim.c:2549:19:HAL_TIM_Encoder_Start_DMA	24	static
stm32l0xx_hal_tim.c:2666:19:HAL_TIM_Encoder_Stop_DMA	12	static
stm32l0xx_hal_tim.c:2872:19:HAL_TIM_OC_ConfigChannel	24	static
stm32l0xx_hal_tim.c:2952:19:HAL_TIM_IC_ConfigChannel	32	static
stm32l0xx_hal_tim.c:3049:19:HAL_TIM_PWM_ConfigChannel	24	static
stm32l0xx_hal_tim.c:3160:19:HAL_TIM_OnePulse_ConfigChannel	48	static
stm32l0xx_hal_tim.c:3292:19:HAL_TIM_DMABurst_WriteStart	32	static
stm32l0xx_hal_tim.c:3495:19:HAL_TIM_DMABurst_ReadStart	32	static
stm32l0xx_hal_tim.c:3615:19:HAL_TIM_DMABurst_ReadStop	16	static
stm32l0xx_hal_tim.c:3411:19:HAL_TIM_DMABurst_WriteStop	8	static
stm32l0xx_hal_tim.c:3678:19:HAL_TIM_GenerateEvent	8	static
stm32l0xx_hal_tim.c:3715:19:HAL_TIM_ConfigOCrefClear	32	static
stm32l0xx_hal_tim.c:3832:19:HAL_TIM_ConfigClockSource	20	static
stm32l0xx_hal_tim.c:4012:19:HAL_TIM_ConfigTI1Input	0	static
stm32l0xx_hal_tim.c:4044:19:HAL_TIM_SlaveConfigSynchronization	24	static
stm32l0xx_hal_tim.c:4079:19:HAL_TIM_SlaveConfigSynchronization_IT	24	static
stm32l0xx_hal_tim.c:4117:10:HAL_TIM_ReadCapturedValue	8	static
stm32l0xx_hal_tim.c:4204:13:HAL_TIM_PeriodElapsedCallback	0	static
stm32l0xx_hal_tim.c:4463:13:TIM_DMAPeriodElapsedCplt	8	static
stm32l0xx_hal_tim.c:4219:13:HAL_TIM_OC_DelayElapsedCallback	0	static
stm32l0xx_hal_tim.c:4233:13:HAL_TIM_IC_CaptureCallback	0	static
stm32l0xx_hal_tim.c:4430:6:TIM_DMACaptureCplt	8	static
stm32l0xx_hal_tim.c:4248:13:HAL_TIM_PWM_PulseFinishedCallback	0	static
stm32l0xx_hal_tim.c:4398:6:TIM_DMADelayPulseCplt	8	static
stm32l0xx_hal_tim.c:4263:13:HAL_TIM_TriggerCallback	0	static
stm32l0xx_hal_tim.c:2728:6:HAL_TIM_IRQHandler	8	static
stm32l0xx_hal_tim.c:4477:13:TIM_DMATriggerCplt	8	static
stm32l0xx_hal_tim.c:4278:13:HAL_TIM_ErrorCallback	0	static
stm32l0xx_hal_tim.c:4384:6:TIM_DMAError	8	static
stm32l0xx_hal_tim.c:4312:22:HAL_TIM_Base_GetState	0	static
stm32l0xx_hal_tim.c:4322:22:HAL_TIM_OC_GetState	0	static
stm32l0xx_hal_tim.c:4332:22:HAL_TIM_PWM_GetState	0	static
stm32l0xx_hal_tim.c:4342:22:HAL_TIM_IC_GetState	0	static
stm32l0xx_hal_tim.c:4352:22:HAL_TIM_OnePulse_GetState	0	static
stm32l0xx_hal_tim.c:4362:22:HAL_TIM_Encoder_GetState	0	static
