stm32l0xx_hal_i2c.c:4358:13:I2C_Flush_TXDR	0	static
stm32l0xx_hal_i2c.c:4478:13:I2C_DMASlaveReceiveCplt	0	static
stm32l0xx_hal_i2c.c:4775:13:I2C_TransferConfig	16	static
stm32l0xx_hal_i2c.c:4794:26:I2C_Enable_IRQ	8	static
stm32l0xx_hal_i2c.c:4867:26:I2C_Disable_IRQ	8	static
stm32l0xx_hal_i2c.c:4546:26:I2C_WaitOnFlagUntilTimeout	24	static
stm32l0xx_hal_i2c.c:4379:13:I2C_DMAMasterTransmitCplt	8	static
stm32l0xx_hal_i2c.c:4436:13:I2C_DMAMasterReceiveCplt	8	static
stm32l0xx_hal_i2c.c:4709:26:I2C_IsAcknowledgeFailed	24	static
stm32l0xx_hal_i2c.c:4646:26:I2C_WaitOnRXNEFlagUntilTimeout	24	static
stm32l0xx_hal_i2c.c:4575:26:I2C_WaitOnTXISFlagUntilTimeout	24	static
stm32l0xx_hal_i2c.c:3703:26:I2C_RequestMemoryWrite	24	static
stm32l0xx_hal_i2c.c:3770:26:I2C_RequestMemoryRead	24	static
stm32l0xx_hal_i2c.c:4421:13:I2C_DMASlaveTransmitCplt	0	static
stm32l0xx_hal_i2c.c:4612:26:I2C_WaitOnSTOPFlagUntilTimeout	24	static
stm32l0xx_hal_i2c.c:533:13:HAL_I2C_MspInit	0	static
stm32l0xx_hal_i2c.c:410:19:HAL_I2C_Init	16	static
stm32l0xx_hal_i2c.c:549:13:HAL_I2C_MspDeInit	0	static
stm32l0xx_hal_i2c.c:497:19:HAL_I2C_DeInit	16	static
stm32l0xx_hal_i2c.c:633:19:HAL_I2C_Master_Transmit	48	static
stm32l0xx_hal_i2c.c:757:19:HAL_I2C_Master_Receive	48	static
stm32l0xx_hal_i2c.c:880:19:HAL_I2C_Slave_Transmit	48	static
stm32l0xx_hal_i2c.c:1020:19:HAL_I2C_Slave_Receive	48	static
stm32l0xx_hal_i2c.c:1152:19:HAL_I2C_Master_Transmit_IT	40	static
stm32l0xx_hal_i2c.c:1221:19:HAL_I2C_Master_Receive_IT	40	static
stm32l0xx_hal_i2c.c:1288:19:HAL_I2C_Slave_Transmit_IT	24	static
stm32l0xx_hal_i2c.c:1337:19:HAL_I2C_Slave_Receive_IT	24	static
stm32l0xx_hal_i2c.c:1388:19:HAL_I2C_Master_Transmit_DMA	40	static
stm32l0xx_hal_i2c.c:1503:19:HAL_I2C_Master_Receive_DMA	40	static
stm32l0xx_hal_i2c.c:1616:19:HAL_I2C_Slave_Transmit_DMA	24	static
stm32l0xx_hal_i2c.c:1690:19:HAL_I2C_Slave_Receive_DMA	24	static
stm32l0xx_hal_i2c.c:1768:19:HAL_I2C_Mem_Write	56	static
stm32l0xx_hal_i2c.c:1921:19:HAL_I2C_Mem_Read	56	static
stm32l0xx_hal_i2c.c:2065:19:HAL_I2C_Mem_Write_IT	56	static
stm32l0xx_hal_i2c.c:2164:19:HAL_I2C_Mem_Read_IT	56	static
stm32l0xx_hal_i2c.c:2262:19:HAL_I2C_Mem_Write_DMA	56	static
stm32l0xx_hal_i2c.c:2386:19:HAL_I2C_Mem_Read_DMA	56	static
stm32l0xx_hal_i2c.c:2508:19:HAL_I2C_IsDeviceReady	56	static
stm32l0xx_hal_i2c.c:2628:19:HAL_I2C_Master_Sequential_Transmit_IT	32	static
stm32l0xx_hal_i2c.c:2701:19:HAL_I2C_Master_Sequential_Receive_IT	32	static
stm32l0xx_hal_i2c.c:2772:19:HAL_I2C_Slave_Sequential_Transmit_IT	32	static
stm32l0xx_hal_i2c.c:2846:19:HAL_I2C_Slave_Sequential_Receive_IT	32	static
stm32l0xx_hal_i2c.c:2916:19:HAL_I2C_EnableListen_IT	8	static
stm32l0xx_hal_i2c.c:2940:19:HAL_I2C_DisableListen_IT	16	static
stm32l0xx_hal_i2c.c:2973:19:HAL_I2C_Master_Abort_IT	32	static
stm32l0xx_hal_i2c.c:3023:6:HAL_I2C_EV_IRQHandler	8	static
stm32l0xx_hal_i2c.c:3087:13:HAL_I2C_MasterTxCpltCallback	0	static
stm32l0xx_hal_i2c.c:3103:13:HAL_I2C_MasterRxCpltCallback	0	static
stm32l0xx_hal_i2c.c:3914:13:I2C_ITMasterSequentialCplt	16	static
stm32l0xx_hal_i2c.c:3118:13:HAL_I2C_SlaveTxCpltCallback	0	static
stm32l0xx_hal_i2c.c:3134:13:HAL_I2C_SlaveRxCpltCallback	0	static
stm32l0xx_hal_i2c.c:3959:13:I2C_ITSlaveSequentialCplt	16	static
stm32l0xx_hal_i2c.c:3152:13:HAL_I2C_AddrCallback	0	static
stm32l0xx_hal_i2c.c:3170:13:HAL_I2C_ListenCpltCallback	0	static
stm32l0xx_hal_i2c.c:4206:13:I2C_ITListenCplt	8	static
stm32l0xx_hal_i2c.c:3186:13:HAL_I2C_MemTxCpltCallback	0	static
stm32l0xx_hal_i2c.c:3202:13:HAL_I2C_MemRxCpltCallback	0	static
stm32l0xx_hal_i2c.c:3218:13:HAL_I2C_ErrorCallback	0	static
stm32l0xx_hal_i2c.c:3234:13:HAL_I2C_AbortCpltCallback	0	static
stm32l0xx_hal_i2c.c:4250:13:I2C_ITError	16	static
stm32l0xx_hal_i2c.c:4097:13:I2C_ITSlaveCplt	24	static
stm32l0xx_hal_i2c.c:3438:26:I2C_Slave_ISR_IT	40	static
stm32l0xx_hal_i2c.c:3640:26:I2C_Slave_ISR_DMA	16	static
stm32l0xx_hal_i2c.c:4003:13:I2C_ITMasterCplt	8	static
stm32l0xx_hal_i2c.c:3317:26:I2C_Master_ISR_IT	32	static
stm32l0xx_hal_i2c.c:3551:26:I2C_Master_ISR_DMA	24	static
stm32l0xx_hal_i2c.c:4493:13:I2C_DMAError	8	static
stm32l0xx_hal_i2c.c:3042:6:HAL_I2C_ER_IRQHandler	16	static
stm32l0xx_hal_i2c.c:4510:13:I2C_DMAAbort	8	static
stm32l0xx_hal_i2c.c:3269:22:HAL_I2C_GetState	0	static
stm32l0xx_hal_i2c.c:3281:21:HAL_I2C_GetMode	0	static
stm32l0xx_hal_i2c.c:3292:10:HAL_I2C_GetError	0	static
