hw_rtc.c:546:17:HW_RTC_GetCalendarValue	24	static
hw_rtc.c:212:6:HW_RTC_setMcuWakeUpTime	48	static
hw_rtc.c:239:9:HW_RTC_getMcuWakeUpTime	0	static
hw_rtc.c:249:10:HW_RTC_GetMinimumTimeout	0	static
hw_rtc.c:259:10:HW_RTC_ms2Tick	8	static
hw_rtc.c:270:13:HW_RTC_Tick2ms	0	static
hw_rtc.c:309:10:HW_RTC_GetTimerElapsedTime	32	static
hw_rtc.c:324:10:HW_RTC_GetTimerValue	32	static
hw_rtc.c:339:6:HW_RTC_StopAlarm	8	static
hw_rtc.c:283:6:HW_RTC_SetAlarm	48	static
hw_rtc.c:354:6:HW_RTC_IrqHandler	8	static
hw_rtc.c:383:6:HW_RTC_DelayMs	16	static
hw_rtc.c:403:10:HW_RTC_SetTimerContext	8	static
hw_rtc.c:149:6:HW_RTC_Init	48	static
hw_rtc.c:414:10:HW_RTC_GetTimerContext	0	static
hw_rtc.c:592:10:HW_RTC_GetCalendarTime	40	static
hw_rtc.c:609:6:HW_RTC_BKUPWrite	16	static
hw_rtc.c:615:6:HW_RTC_BKUPRead	16	static
hw_rtc.c:621:13:RtcTempCompensation	16	static
