stm32l0xx_nucleo.c:367:13:SPIx_Init	56	static
stm32l0xx_nucleo.c:444:13:SPIx_Write	32	static
stm32l0xx_nucleo.c:405:13:SPIx_WriteReadData	16	static
stm32l0xx_nucleo.c:168:10:BSP_GetVersion	0	static
stm32l0xx_nucleo.c:180:6:BSP_LED_Init	40	static
stm32l0xx_nucleo.c:207:6:BSP_LED_DeInit	8	static
stm32l0xx_nucleo.c:225:6:BSP_LED_On	8	static
stm32l0xx_nucleo.c:237:6:BSP_LED_Off	8	static
stm32l0xx_nucleo.c:249:6:BSP_LED_Toggle	8	static
stm32l0xx_nucleo.c:265:6:BSP_PB_Init	40	static
stm32l0xx_nucleo.c:303:6:BSP_PB_DeInit	8	static
stm32l0xx_nucleo.c:318:10:BSP_PB_GetState	8	static
stm32l0xx_nucleo.c:525:6:SD_IO_CSState	8	static
stm32l0xx_nucleo.c:544:6:SD_IO_WriteReadData	8	static
stm32l0xx_nucleo.c:555:9:SD_IO_WriteByte	24	static
stm32l0xx_nucleo.c:482:6:SD_IO_Init	48	static
stm32l0xx_nucleo.c:570:6:SD_IO_ReadData	8	static
stm32l0xx_nucleo.c:582:6:SD_IO_WriteData	8	static
stm32l0xx_nucleo.c:593:6:LCD_IO_Init	48	static
stm32l0xx_nucleo.c:624:6:LCD_IO_WriteReg	16	static
stm32l0xx_nucleo.c:645:6:LCD_IO_WriteData	16	static
stm32l0xx_nucleo.c:666:6:LCD_IO_WriteMultipleData	24	static
stm32l0xx_nucleo.c:722:6:LCD_Delay	8	static
stm32l0xx_nucleo.c:841:9:BSP_JOY_Init	48	static
stm32l0xx_nucleo.c:861:6:BSP_JOY_DeInit	8	static
stm32l0xx_nucleo.c:878:18:BSP_JOY_GetState	8	static
