sx1272.c:364:16:GetFskBandwidthRegValue	8	static
sx1272.c:1653:6:SX1272OnDio4Irq	0	static
sx1272.c:236:6:SX1272BoardInit	0	static
sx1272.c:273:14:SX1272GetStatus	0	static
sx1272.c:1050:6:SX1272Reset	40	static
sx1272.c:1136:6:SX1272WriteBuffer	16	static
sx1272.c:1124:6:SX1272Write	16	static
sx1272.c:278:6:SX1272SetChannel	16	static
sx1272.c:1153:6:SX1272ReadBuffer	16	static
sx1272.c:1129:9:SX1272Read	16	static
sx1272.c:647:10:SX1272GetTimeOnAir	40	static
sx1272.c:1031:9:SX1272ReadRssi	8	static
sx1272.c:1073:6:SX1272SetOpMode	16	static
sx1272.c:778:6:SX1272SetSleep	8	static
sx1272.c:787:6:SX1272SetStby	8	static
sx1272.c:796:6:SX1272SetRx	24	static
sx1272.c:915:6:SX1272SetTx	16	static
sx1272.c:978:6:SX1272StartCad	16	static
sx1272.c:1087:6:SX1272SetModem	8	static
sx1272.c:241:10:SX1272Init	16	static
sx1272.c:291:6:SX1272IsChannelFree	24	static
sx1272.c:322:10:SX1272Random	16	static
sx1272.c:379:6:SX1272SetRxConfig	72	static
sx1272.c:522:6:SX1272SetTxConfig	56	static
sx1272.c:1011:6:SX1272SetTxContinuousWave	56	static
sx1272.c:1549:6:SX1272OnDio2Irq	16	static
sx1272.c:1622:6:SX1272OnDio3Irq	16	static
sx1272.c:1171:6:SX1272WriteFifo	8	static
sx1272.c:704:6:SX1272Send	32	static
sx1272.c:1176:6:SX1272ReadFifo	8	static
sx1272.c:1292:6:SX1272OnDio0Irq	32	static
sx1272.c:1466:6:SX1272OnDio1Irq	16	static
sx1272.c:1181:6:SX1272SetMaxPayloadLength	16	static
sx1272.c:1199:6:SX1272SetPublicNetwork	8	static
sx1272.c:1220:6:SX1272OnTimeoutIrq	16	static
sx1272.c:1215:10:SX1272GetWakeupTime	8	static
sx1272.c:1672:6:SX1272OnDio5Irq	0	static
